Archive member included to satisfy reference by file (symbol)

/usr/lib/gcc/arm-none-eabi/10.3.1/thumb/v6-m/nofp/libgcc.a(_dvmd_tls.o)
                              CMakeFiles/blinky.dir/mnt/c/Users/Joe/Documents/pico/pico-sdk/src/rp2_common/pico_divider/divider_hardware.S.obj (__aeabi_idiv0)
/usr/lib/gcc/arm-none-eabi/10.3.1/../../../arm-none-eabi/lib/thumb/v6-m/nofp/libg.a(lib_a-atexit.o)
                              /usr/lib/gcc/arm-none-eabi/10.3.1/../../../arm-none-eabi/lib/thumb/v6-m/nofp/crt0.o (atexit)
/usr/lib/gcc/arm-none-eabi/10.3.1/../../../arm-none-eabi/lib/thumb/v6-m/nofp/libg.a(lib_a-calloc.o)
                              CMakeFiles/blinky.dir/mnt/c/Users/Joe/Documents/pico/pico-sdk/src/rp2_common/pico_malloc/malloc.c.obj (calloc)
/usr/lib/gcc/arm-none-eabi/10.3.1/../../../arm-none-eabi/lib/thumb/v6-m/nofp/libg.a(lib_a-callocr.o)
                              /usr/lib/gcc/arm-none-eabi/10.3.1/../../../arm-none-eabi/lib/thumb/v6-m/nofp/libg.a(lib_a-calloc.o) (_calloc_r)
/usr/lib/gcc/arm-none-eabi/10.3.1/../../../arm-none-eabi/lib/thumb/v6-m/nofp/libg.a(lib_a-fini.o)
                              /usr/lib/gcc/arm-none-eabi/10.3.1/../../../arm-none-eabi/lib/thumb/v6-m/nofp/crt0.o (__libc_fini_array)
/usr/lib/gcc/arm-none-eabi/10.3.1/../../../arm-none-eabi/lib/thumb/v6-m/nofp/libg.a(lib_a-impure.o)
                              /usr/lib/gcc/arm-none-eabi/10.3.1/../../../arm-none-eabi/lib/thumb/v6-m/nofp/libg.a(lib_a-calloc.o) (_impure_ptr)
/usr/lib/gcc/arm-none-eabi/10.3.1/../../../arm-none-eabi/lib/thumb/v6-m/nofp/libg.a(lib_a-init.o)
                              /usr/lib/gcc/arm-none-eabi/10.3.1/../../../arm-none-eabi/lib/thumb/v6-m/nofp/crt0.o (__libc_init_array)
/usr/lib/gcc/arm-none-eabi/10.3.1/../../../arm-none-eabi/lib/thumb/v6-m/nofp/libg.a(lib_a-lcltime_r.o)
                              CMakeFiles/blinky.dir/mnt/c/Users/Joe/Documents/pico/pico-sdk/src/common/pico_util/datetime.c.obj (localtime_r)
/usr/lib/gcc/arm-none-eabi/10.3.1/../../../arm-none-eabi/lib/thumb/v6-m/nofp/libg.a(lib_a-malloc.o)
                              CMakeFiles/blinky.dir/mnt/c/Users/Joe/Documents/pico/pico-sdk/src/rp2_common/pico_malloc/malloc.c.obj (malloc)
/usr/lib/gcc/arm-none-eabi/10.3.1/../../../arm-none-eabi/lib/thumb/v6-m/nofp/libg.a(lib_a-mallocr.o)
                              /usr/lib/gcc/arm-none-eabi/10.3.1/../../../arm-none-eabi/lib/thumb/v6-m/nofp/libg.a(lib_a-callocr.o) (_malloc_r)
/usr/lib/gcc/arm-none-eabi/10.3.1/../../../arm-none-eabi/lib/thumb/v6-m/nofp/libg.a(lib_a-memcmp.o)
                              CMakeFiles/blinky.dir/mnt/c/Users/Joe/Documents/pico/pico-sdk/src/rp2_common/pico_atomic/atomic.c.obj (memcmp)
/usr/lib/gcc/arm-none-eabi/10.3.1/../../../arm-none-eabi/lib/thumb/v6-m/nofp/libg.a(lib_a-mktime.o)
                              CMakeFiles/blinky.dir/mnt/c/Users/Joe/Documents/pico/pico-sdk/src/common/pico_util/datetime.c.obj (mktime)
/usr/lib/gcc/arm-none-eabi/10.3.1/../../../arm-none-eabi/lib/thumb/v6-m/nofp/libg.a(lib_a-mlock.o)
                              /usr/lib/gcc/arm-none-eabi/10.3.1/../../../arm-none-eabi/lib/thumb/v6-m/nofp/libg.a(lib_a-mallocr.o) (__malloc_lock)
/usr/lib/gcc/arm-none-eabi/10.3.1/../../../arm-none-eabi/lib/thumb/v6-m/nofp/libg.a(lib_a-month_lengths.o)
                              /usr/lib/gcc/arm-none-eabi/10.3.1/../../../arm-none-eabi/lib/thumb/v6-m/nofp/libg.a(lib_a-lcltime_r.o) (__month_lengths)
/usr/lib/gcc/arm-none-eabi/10.3.1/../../../arm-none-eabi/lib/thumb/v6-m/nofp/libg.a(lib_a-realloc.o)
                              CMakeFiles/blinky.dir/mnt/c/Users/Joe/Documents/pico/pico-sdk/src/rp2_common/pico_malloc/malloc.c.obj (realloc)
/usr/lib/gcc/arm-none-eabi/10.3.1/../../../arm-none-eabi/lib/thumb/v6-m/nofp/libg.a(lib_a-reallocr.o)
                              /usr/lib/gcc/arm-none-eabi/10.3.1/../../../arm-none-eabi/lib/thumb/v6-m/nofp/libg.a(lib_a-realloc.o) (_realloc_r)
/usr/lib/gcc/arm-none-eabi/10.3.1/../../../arm-none-eabi/lib/thumb/v6-m/nofp/libg.a(lib_a-sbrkr.o)
                              /usr/lib/gcc/arm-none-eabi/10.3.1/../../../arm-none-eabi/lib/thumb/v6-m/nofp/libg.a(lib_a-mallocr.o) (_sbrk_r)
/usr/lib/gcc/arm-none-eabi/10.3.1/../../../arm-none-eabi/lib/thumb/v6-m/nofp/libg.a(lib_a-strlen-stub.o)
                              CMakeFiles/blinky.dir/mnt/c/Users/Joe/Documents/pico/pico-sdk/src/rp2_common/pico_stdio/stdio.c.obj (strlen)
/usr/lib/gcc/arm-none-eabi/10.3.1/../../../arm-none-eabi/lib/thumb/v6-m/nofp/libg.a(lib_a-tzcalc_limits.o)
                              /usr/lib/gcc/arm-none-eabi/10.3.1/../../../arm-none-eabi/lib/thumb/v6-m/nofp/libg.a(lib_a-lcltime_r.o) (__tzcalc_limits)
/usr/lib/gcc/arm-none-eabi/10.3.1/../../../arm-none-eabi/lib/thumb/v6-m/nofp/libg.a(lib_a-tzlock.o)
                              /usr/lib/gcc/arm-none-eabi/10.3.1/../../../arm-none-eabi/lib/thumb/v6-m/nofp/libg.a(lib_a-lcltime_r.o) (__tz_lock)
/usr/lib/gcc/arm-none-eabi/10.3.1/../../../arm-none-eabi/lib/thumb/v6-m/nofp/libg.a(lib_a-tzset.o)
[...]
Memory Configuration

Name             Origin             Length             Attributes
FLASH            0x0000000010000000 0x0000000000200000 xr
RAM              0x0000000020000000 0x0000000000040000 xrw
SCRATCH_X        0x0000000020040000 0x0000000000001000 xrw
SCRATCH_Y        0x0000000020041000 0x0000000000001000 xrw
*default*        0x0000000000000000 0xffffffffffffffff

Linker script and memory map

LOAD /usr/lib/gcc/arm-none-eabi/10.3.1/thumb/v6-m/nofp/crti.o
LOAD /usr/lib/gcc/arm-none-eabi/10.3.1/thumb/v6-m/nofp/crtbegin.o
LOAD /usr/lib/gcc/arm-none-eabi/10.3.1/../../../arm-none-eabi/lib/thumb/v6-m/nofp/crt0.o

.flash_begin    0x0000000010000000        0x0
                0x0000000010000000                __flash_binary_start = .

.boot2          0x0000000010000000      0x100
                0x0000000010000000                __boot2_start__ = .
 *(.boot2)
 .boot2         0x0000000010000000      0x100 /tmp/ccnQqHf3.o
                0x0000000010000100                __boot2_end__ = .
                0x0000000000000001                ASSERT (((__boot2_end__ - __boot2_start__) == 0x100), ERROR: Pico second stage bootloader must be 256 bytes in size)

.text           0x0000000010000100     0x3458
                0x0000000010000100                __logical_binary_start = .
 *(.vectors)
 .vectors       0x0000000010000100       0xd4 CMakeFiles/blinky.dir/mnt/c/Users/Joe/Documents/pico/pico-sdk/src/rp2_common/pico_crt0/crt0.S.obj
                0x0000000010000100                __vectors
                0x0000000010000100                __VECTOR_TABLE
                0x00000000100001c0                isr_invalid
                0x00000000100001c0                __default_isrs_start
                0x00000000100001c2                isr_nmi
                0x00000000100001c4                isr_hardfault
                0x00000000100001c6                isr_svcall
                0x00000000100001c8                isr_pendsv
                0x00000000100001ca                isr_systick
                0x00000000100001cc                isr_irq30
                0x00000000100001cc                __unhandled_user_irq
                0x00000000100001cc                isr_irq13
                0x00000000100001cc                isr_irq27
                0x00000000100001cc                isr_irq31
                0x00000000100001cc                isr_irq5
                0x00000000100001cc                isr_irq11
                0x00000000100001cc                isr_irq23
                0x00000000100001cc                isr_irq18
                0x00000000100001cc                isr_irq28
                0x00000000100001cc                isr_irq19
                0x00000000100001cc                isr_irq0
                0x00000000100001cc                isr_irq6
                0x00000000100001cc                isr_irq22
                0x00000000100001cc                isr_irq17
                0x00000000100001cc                isr_irq14
                0x00000000100001cc                isr_irq2
                0x00000000100001cc                isr_irq10
                0x00000000100001cc                isr_irq8
                0x00000000100001cc                isr_irq24
                0x00000000100001cc                isr_irq1
                0x00000000100001cc                isr_irq7
                0x00000000100001cc                isr_irq21
                0x00000000100001cc                isr_irq20
                0x00000000100001cc                isr_irq15
                0x00000000100001cc                isr_irq25
                0x00000000100001cc                isr_irq4
                0x00000000100001cc                isr_irq16
                0x00000000100001cc                isr_irq29
                0x00000000100001cc                isr_irq26
                0x00000000100001cc                __default_isrs_end
                0x00000000100001cc                isr_irq3
                0x00000000100001cc                isr_irq12
                0x00000000100001cc                isr_irq9
                0x00000000100001d2                unhandled_user_irq_num_in_r0
 *(.binary_info_header)
 .binary_info_header
                0x00000000100001d4       0x14 CMakeFiles/blinky.dir/mnt/c/Users/Joe/Documents/pico/pico-sdk/src/rp2_common/pico_crt0/crt0.S.obj
                0x00000000100001e8                __binary_info_header_end = .
 *(.embedded_block)
                0x00000000100001e8                __embedded_block_end = .
 *(.reset)
 .reset         0x00000000100001e8       0x9c CMakeFiles/blinky.dir/mnt/c/Users/Joe/Documents/pico/pico-sdk/src/rp2_common/pico_crt0/crt0.S.obj
                0x00000000100001e8                _entry_point
 *(.init)
 .init          0x0000000010000284        0x4 /usr/lib/gcc/arm-none-eabi/10.3.1/thumb/v6-m/nofp/crti.o
                0x0000000010000284                _init
 *(EXCLUDE_FILE(*libm.a: *libc.a:*lib_a-mem*.o *libgcc.a:) .text*)
 .text          0x0000000010000288       0x98 /usr/lib/gcc/arm-none-eabi/10.3.1/thumb/v6-m/nofp/crtbegin.o
 .text.main     0x0000000010000320       0x30 CMakeFiles/blinky.dir/blinky.c.obj
                0x0000000010000320                main
 .text.gpio_set_function
                0x0000000010000350       0x34 CMakeFiles/blinky.dir/mnt/c/Users/Joe/Documents/pico/pico-sdk/src/rp2_common/hardware_gpio/gpio.c.obj
                0x0000000010000350                gpio_set_function
 .text.gpio_init
                0x0000000010000384       0x16 CMakeFiles/blinky.dir/mnt/c/Users/Joe/Documents/pico/pico-sdk/src/rp2_common/hardware_gpio/gpio.c.obj
                0x0000000010000384                gpio_init
 *fill*         0x000000001000039a        0x2 
 .text.panic    0x000000001000039c       0x30 CMakeFiles/blinky.dir/mnt/c/Users/Joe/Documents/pico/pico-sdk/src/rp2_common/pico_platform_panic/panic.c.obj
                0x000000001000039c                panic
 .text.hw_claim_lock
                0x00000000100003cc       0x18 CMakeFiles/blinky.dir/mnt/c/Users/Joe/Documents/pico/pico-sdk/src/common/hardware_claim/claim.c.obj
                0x00000000100003cc                hw_claim_lock
 .text.hw_claim_unlock
                0x00000000100003e4       0x14 CMakeFiles/blinky.dir/mnt/c/Users/Joe/Documents/pico/pico-sdk/src/common/hardware_claim/claim.c.obj
                0x00000000100003e4                hw_claim_unlock
 .text.hw_claim_or_assert
                0x00000000100003f8       0x32 CMakeFiles/blinky.dir/mnt/c/Users/Joe/Documents/pico/pico-sdk/src/common/hardware_claim/claim.c.obj
                0x00000000100003f8                hw_claim_or_assert
 *fill*         0x000000001000042a        0x2 
 .text.next_striped_spin_lock_num
                0x000000001000042c       0x1c CMakeFiles/blinky.dir/mnt/c/Users/Joe/Documents/pico/pico-sdk/src/rp2_common/hardware_sync/sync.c.obj
                0x000000001000042c                next_striped_spin_lock_num
 .text.spin_locks_reset
                0x0000000010000448       0x20 CMakeFiles/blinky.dir/mnt/c/Users/Joe/Documents/pico/pico-sdk/src/rp2_common/hardware_sync_spin_lock/sync_spin_lock.c.obj
                0x0000000010000448                spin_locks_reset
 .text.set_raw_irq_handler_and_unlock
                0x0000000010000468       0x28 CMakeFiles/blinky.dir/mnt/c/Users/Joe/Documents/pico/pico-sdk/src/rp2_common/hardware_irq/irq.c.obj
 .text.nvic_ipr0
                0x0000000010000490        0x8 CMakeFiles/blinky.dir/mnt/c/Users/Joe/Documents/pico/pico-sdk/src/rp2_common/hardware_irq/irq.c.obj
 .text.runtime_init_per_core_irq_priorities
                0x0000000010000498       0x1c CMakeFiles/blinky.dir/mnt/c/Users/Joe/Documents/pico/pico-sdk/src/rp2_common/hardware_irq/irq.c.obj
                0x0000000010000498                runtime_init_per_core_irq_priorities
 .text.irq_set_mask_n_enabled
                0x00000000100004b4       0x1c CMakeFiles/blinky.dir/mnt/c/Users/Joe/Documents/pico/pico-sdk/src/rp2_common/hardware_irq/irq.c.obj
                0x00000000100004b4                irq_set_mask_n_enabled
 .text.irq_set_enabled
                0x00000000100004d0       0x14 CMakeFiles/blinky.dir/mnt/c/Users/Joe/Documents/pico/pico-sdk/src/rp2_common/hardware_irq/irq.c.obj
                0x00000000100004d0                irq_set_enabled
 .text.irq_get_vtable_handler
                0x00000000100004e4       0x10 CMakeFiles/blinky.dir/mnt/c/Users/Joe/Documents/pico/pico-sdk/src/rp2_common/hardware_irq/irq.c.obj
                0x00000000100004e4                irq_get_vtable_handler
 .text.irq_set_exclusive_handler
                0x00000000100004f4       0x54 CMakeFiles/blinky.dir/mnt/c/Users/Joe/Documents/pico/pico-sdk/src/rp2_common/hardware_irq/irq.c.obj
                0x00000000100004f4                irq_set_exclusive_handler
 .text.lock_init
                0x0000000010000548       0x10 CMakeFiles/blinky.dir/mnt/c/Users/Joe/Documents/pico/pico-sdk/src/common/pico_sync/lock_core.c.obj
                0x0000000010000548                lock_init
 .text.mutex_init
                0x0000000010000558       0x1a CMakeFiles/blinky.dir/mnt/c/Users/Joe/Documents/pico/pico-sdk/src/common/pico_sync/mutex.c.obj
                0x0000000010000558                mutex_init
 .text.recursive_mutex_init
                0x0000000010000572       0x1e CMakeFiles/blinky.dir/mnt/c/Users/Joe/Documents/pico/pico-sdk/src/common/pico_sync/mutex.c.obj
                0x0000000010000572                recursive_mutex_init
 .text.runtime_init_mutex
                0x0000000010000590       0x4c CMakeFiles/blinky.dir/mnt/c/Users/Joe/Documents/pico/pico-sdk/src/common/pico_sync/mutex.c.obj
                0x0000000010000590                runtime_init_mutex
 .text.make_alarm_id
                0x00000000100005dc        0x6 CMakeFiles/blinky.dir/mnt/c/Users/Joe/Documents/pico/pico-sdk/src/common/pico_time/time.c.obj
 *fill*         0x00000000100005e2        0x2 
 .text.sleep_until_callback
                0x00000000100005e4       0x30 CMakeFiles/blinky.dir/mnt/c/Users/Joe/Documents/pico/pico-sdk/src/common/pico_time/time.c.obj
 .text.alarm_pool_irq_handler
                0x0000000010000614      0x2e4 CMakeFiles/blinky.dir/mnt/c/Users/Joe/Documents/pico/pico-sdk/src/common/pico_time/time.c.obj
 .text.alarm_pool_post_alloc_init
                0x00000000100008f8       0x94 CMakeFiles/blinky.dir/mnt/c/Users/Joe/Documents/pico/pico-sdk/src/common/pico_time/time.c.obj
 .text.alarm_pool_get_default
                0x000000001000098c       0x2c CMakeFiles/blinky.dir/mnt/c/Users/Joe/Documents/pico/pico-sdk/src/common/pico_time/time.c.obj
                0x000000001000098c                alarm_pool_get_default
 .text.alarm_pool_add_alarm_at_force_in_context
                0x00000000100009b8       0xb0 CMakeFiles/blinky.dir/mnt/c/Users/Joe/Documents/pico/pico-sdk/src/common/pico_time/time.c.obj
                0x00000000100009b8                alarm_pool_add_alarm_at_force_in_context
 .text.alarm_pool_add_alarm_at
                0x0000000010000a68       0x3c CMakeFiles/blinky.dir/mnt/c/Users/Joe/Documents/pico/pico-sdk/src/common/pico_time/time.c.obj
                0x0000000010000a68                alarm_pool_add_alarm_at
 .text.alarm_pool_cancel_alarm
                0x0000000010000aa4       0x78 CMakeFiles/blinky.dir/mnt/c/Users/Joe/Documents/pico/pico-sdk/src/common/pico_time/time.c.obj
                0x0000000010000aa4                alarm_pool_cancel_alarm
 .text.sleep_until
                0x0000000010000b1c       0xc8 CMakeFiles/blinky.dir/mnt/c/Users/Joe/Documents/pico/pico-sdk/src/common/pico_time/time.c.obj
                0x0000000010000b1c                sleep_until
 .text.sleep_us
                0x0000000010000be4       0x24 CMakeFiles/blinky.dir/mnt/c/Users/Joe/Documents/pico/pico-sdk/src/common/pico_time/time.c.obj
                0x0000000010000be4                sleep_us
 .text.sleep_ms
                0x0000000010000c08       0x14 CMakeFiles/blinky.dir/mnt/c/Users/Joe/Documents/pico/pico-sdk/src/common/pico_time/time.c.obj
                0x0000000010000c08                sleep_ms
 .text.best_effort_wfe_or_timeout
                0x0000000010000c1c       0xd8 CMakeFiles/blinky.dir/mnt/c/Users/Joe/Documents/pico/pico-sdk/src/common/pico_time/time.c.obj
                0x0000000010000c1c                best_effort_wfe_or_timeout
 .text.alarm_pool_get_default_timer
                0x0000000010000cf4        0x8 CMakeFiles/blinky.dir/mnt/c/Users/Joe/Documents/pico/pico-sdk/src/common/pico_time/time.c.obj
                0x0000000010000cf4                alarm_pool_get_default_timer
 .text.runtime_init_default_alarm_pool
                0x0000000010000cfc       0x38 CMakeFiles/blinky.dir/mnt/c/Users/Joe/Documents/pico/pico-sdk/src/common/pico_time/time.c.obj
                0x0000000010000cfc                runtime_init_default_alarm_pool
 .text.timer_hardware_alarm_claim
                0x0000000010000d34       0x14 CMakeFiles/blinky.dir/mnt/c/Users/Joe/Documents/pico/pico-sdk/src/rp2_common/hardware_timer/timer.c.obj
                0x0000000010000d34                timer_hardware_alarm_claim
 .text.timer_time_us_64
                0x0000000010000d48       0x10 CMakeFiles/blinky.dir/mnt/c/Users/Joe/Documents/pico/pico-sdk/src/rp2_common/hardware_timer/timer.c.obj
                0x0000000010000d48                timer_time_us_64
 .text.timer_busy_wait_until
                0x0000000010000d58       0x1a CMakeFiles/blinky.dir/mnt/c/Users/Joe/Documents/pico/pico-sdk/src/rp2_common/hardware_timer/timer.c.obj
                0x0000000010000d58                timer_busy_wait_until
 *fill*         0x0000000010000d72        0x2 
 .text.time_us_64
                0x0000000010000d74       0x10 CMakeFiles/blinky.dir/mnt/c/Users/Joe/Documents/pico/pico-sdk/src/rp2_common/hardware_timer/timer.c.obj
                0x0000000010000d74                time_us_64
 .text.busy_wait_until
                0x0000000010000d84       0x14 CMakeFiles/blinky.dir/mnt/c/Users/Joe/Documents/pico/pico-sdk/src/rp2_common/hardware_timer/timer.c.obj
                0x0000000010000d84                busy_wait_until
 .text.clock_configure_internal
                0x0000000010000d98       0xc4 CMakeFiles/blinky.dir/mnt/c/Users/Joe/Documents/pico/pico-sdk/src/rp2_common/hardware_clocks/clocks.c.obj
 .text.clock_configure_int_divider
                0x0000000010000e5c       0x28 CMakeFiles/blinky.dir/mnt/c/Users/Joe/Documents/pico/pico-sdk/src/rp2_common/hardware_clocks/clocks.c.obj
                0x0000000010000e5c                clock_configure_int_divider
 .text.clock_configure_undivided
                0x0000000010000e84       0x12 CMakeFiles/blinky.dir/mnt/c/Users/Joe/Documents/pico/pico-sdk/src/rp2_common/hardware_clocks/clocks.c.obj
                0x0000000010000e84                clock_configure_undivided
 *fill*         0x0000000010000e96        0x2 
 .text.clock_get_hz
                0x0000000010000e98        0xc CMakeFiles/blinky.dir/mnt/c/Users/Joe/Documents/pico/pico-sdk/src/rp2_common/hardware_clocks/clocks.c.obj
                0x0000000010000e98                clock_get_hz
 .text.pll_init
                0x0000000010000ea4      0x120 CMakeFiles/blinky.dir/mnt/c/Users/Joe/Documents/pico/pico-sdk/src/rp2_common/hardware_pll/pll.c.obj
                0x0000000010000ea4                pll_init
 .text.tick_start
                0x0000000010000fc4       0x10 CMakeFiles/blinky.dir/mnt/c/Users/Joe/Documents/pico/pico-sdk/src/rp2_common/hardware_ticks/ticks.c.obj
                0x0000000010000fc4                tick_start
 .text.xosc_init
                0x0000000010000fd4       0x28 CMakeFiles/blinky.dir/mnt/c/Users/Joe/Documents/pico/pico-sdk/src/rp2_common/hardware_xosc/xosc.c.obj
                0x0000000010000fd4                xosc_init
 .text.runtime_run_initializers_from
                0x0000000010000ffc       0x18 CMakeFiles/blinky.dir/mnt/c/Users/Joe/Documents/pico/pico-sdk/src/rp2_common/pico_runtime/runtime.c.obj
 .text.first_per_core_initializer
                0x0000000010001014        0x2 CMakeFiles/blinky.dir/mnt/c/Users/Joe/Documents/pico/pico-sdk/src/rp2_common/pico_runtime/runtime.c.obj
 *fill*         0x0000000010001016        0x2 
 .text.runtime_run_initializers
                0x0000000010001018       0x10 CMakeFiles/blinky.dir/mnt/c/Users/Joe/Documents/pico/pico-sdk/src/rp2_common/pico_runtime/runtime.c.obj
                0x0000000010001018                runtime_run_initializers
 .text.runtime_init_early_resets
                0x0000000010001028       0x2c CMakeFiles/blinky.dir/mnt/c/Users/Joe/Documents/pico/pico-sdk/src/rp2_common/pico_runtime_init/runtime_init.c.obj
                0x0000000010001028                runtime_init_early_resets
 .text.runtime_init_usb_power_down
                0x0000000010001054       0x1c CMakeFiles/blinky.dir/mnt/c/Users/Joe/Documents/pico/pico-sdk/src/rp2_common/pico_runtime_init/runtime_init.c.obj
                0x0000000010001054                runtime_init_usb_power_down
 .text.runtime_init_post_clock_resets
                0x0000000010001070       0x20 CMakeFiles/blinky.dir/mnt/c/Users/Joe/Documents/pico/pico-sdk/src/rp2_common/pico_runtime_init/runtime_init.c.obj
                0x0000000010001070                runtime_init_post_clock_resets
 .text.runtime_init_rp2040_gpio_ie_disable
                0x0000000010001090       0x14 CMakeFiles/blinky.dir/mnt/c/Users/Joe/Documents/pico/pico-sdk/src/rp2_common/pico_runtime_init/runtime_init.c.obj
                0x0000000010001090                runtime_init_rp2040_gpio_ie_disable
 .text.runtime_init_spin_locks_reset
                0x00000000100010a4        0x8 CMakeFiles/blinky.dir/mnt/c/Users/Joe/Documents/pico/pico-sdk/src/rp2_common/pico_runtime_init/runtime_init.c.obj
                0x00000000100010a4                runtime_init_spin_locks_reset
 .text.runtime_init_install_ram_vector_table
                0x00000000100010ac       0x1c CMakeFiles/blinky.dir/mnt/c/Users/Joe/Documents/pico/pico-sdk/src/rp2_common/pico_runtime_init/runtime_init.c.obj
                0x00000000100010ac                runtime_init_install_ram_vector_table
 .text.start_all_ticks
                0x00000000100010c8       0x28 CMakeFiles/blinky.dir/mnt/c/Users/Joe/Documents/pico/pico-sdk/src/rp2_common/pico_runtime_init/runtime_init_clocks.c.obj
 .text.runtime_init_clocks
                0x00000000100010f0       0xcc CMakeFiles/blinky.dir/mnt/c/Users/Joe/Documents/pico/pico-sdk/src/rp2_common/pico_runtime_init/runtime_init_clocks.c.obj
                0x00000000100010f0                runtime_init_clocks
 .text          0x00000000100011bc       0x10 CMakeFiles/blinky.dir/mnt/c/Users/Joe/Documents/pico/pico-sdk/src/rp2_common/pico_bit_ops/bit_ops_aeabi.S.obj
 .text.rom_func_lookup
                0x00000000100011cc       0x10 CMakeFiles/blinky.dir/mnt/c/Users/Joe/Documents/pico/pico-sdk/src/rp2_common/pico_bootrom/bootrom.c.obj
                0x00000000100011cc                rom_func_lookup
 .text.rom_data_lookup
                0x00000000100011dc       0x10 CMakeFiles/blinky.dir/mnt/c/Users/Joe/Documents/pico/pico-sdk/src/rp2_common/pico_bootrom/bootrom.c.obj
                0x00000000100011dc                rom_data_lookup
 .text.rom_funcs_lookup
                0x00000000100011ec       0x36 CMakeFiles/blinky.dir/mnt/c/Users/Joe/Documents/pico/pico-sdk/src/rp2_common/pico_bootrom/bootrom.c.obj
                0x00000000100011ec                rom_funcs_lookup
 *fill*         0x0000000010001222        0x2 
 .text.__wrap___aeabi_idiv
                0x0000000010001224       0x50 CMakeFiles/blinky.dir/mnt/c/Users/Joe/Documents/pico/pico-sdk/src/rp2_common/pico_divider/divider_hardware.S.obj
                0x0000000010001224                __wrap___aeabi_idivmod
                0x0000000010001224                divmod_s32s32
                0x0000000010001224                div_s32s32
                0x0000000010001224                __wrap___aeabi_idiv
                0x000000001000122c                divmod_s32s32_unsafe
                0x0000000010001258                divmod_s32s32_savestate
 .text.__wrap___aeabi_uidiv
                0x0000000010001274       0x4c CMakeFiles/blinky.dir/mnt/c/Users/Joe/Documents/pico/pico-sdk/src/rp2_common/pico_divider/divider_hardware.S.obj
                0x0000000010001274                __wrap___aeabi_uidiv
                0x0000000010001274                __wrap___aeabi_uidivmod
                0x0000000010001274                div_u32u32
                0x0000000010001274                divmod_u32u32
                0x000000001000127c                divmod_u32u32_unsafe
                0x00000000100012a4                divmod_u32u32_savestate
 .text.__wrap___aeabi_ldiv
                0x00000000100012c0      0x424 CMakeFiles/blinky.dir/mnt/c/Users/Joe/Documents/pico/pico-sdk/src/rp2_common/pico_divider/divider_hardware.S.obj
                0x00000000100012c0                div_s64s64
                0x00000000100012c0                divmod_s64s64
                0x00000000100012c0                __wrap___aeabi_ldivmod
                0x00000000100012f0                div_u64u64
                0x00000000100012f0                divmod_u64u64
                0x00000000100012f0                __wrap___aeabi_uldivmod
                0x0000000010001300                divmod_u64u64_savestate
                0x0000000010001320                divmod_s64s64_unsafe
                0x00000000100013a8                divmod_u64u64_unsafe
 .text.__wrap___aeabi_darithmetic
                0x00000000100016e4       0x80 CMakeFiles/blinky.dir/mnt/c/Users/Joe/Documents/pico/pico-sdk/src/rp2_common/pico_double/double_aeabi_rp2040.S.obj
                0x00000000100016e4                __wrap___aeabi_drsub
                0x00000000100016ea                __wrap___aeabi_dsub
                0x00000000100016fc                __wrap___aeabi_dadd
                0x000000001000170e                __wrap___aeabi_ddiv
                0x000000001000174a                __wrap___aeabi_dmul
 .text.__wrap___aeabi_cdcmple
                0x0000000010001764       0x6c CMakeFiles/blinky.dir/mnt/c/Users/Joe/Documents/pico/pico-sdk/src/rp2_common/pico_double/double_aeabi_rp2040.S.obj
                0x0000000010001764                __wrap___aeabi_cdrcmple
                0x0000000010001774                __wrap___aeabi_cdcmple
                0x0000000010001774                __wrap___aeabi_cdcmpeq
 .text.__wrap___aeabi_dcmplt
                0x00000000100017d0        0xc CMakeFiles/blinky.dir/mnt/c/Users/Joe/Documents/pico/pico-sdk/src/rp2_common/pico_double/double_aeabi_rp2040.S.obj
                0x00000000100017d0                __wrap___aeabi_dcmplt
 .text.__wrap___aeabi_dcmple
                0x00000000100017dc       0x10 CMakeFiles/blinky.dir/mnt/c/Users/Joe/Documents/pico/pico-sdk/src/rp2_common/pico_double/double_aeabi_rp2040.S.obj
                0x00000000100017dc                __wrap___aeabi_dcmple
 .text.__wrap___aeabi_dcmpge
                0x00000000100017ec       0x10 CMakeFiles/blinky.dir/mnt/c/Users/Joe/Documents/pico/pico-sdk/src/rp2_common/pico_double/double_aeabi_rp2040.S.obj
                0x00000000100017ec                __wrap___aeabi_dcmpge
 .text.__wrap___aeabi_dcmpgt
                0x00000000100017fc        0xa CMakeFiles/blinky.dir/mnt/c/Users/Joe/Documents/pico/pico-sdk/src/rp2_common/pico_double/double_aeabi_rp2040.S.obj
                0x00000000100017fc                __wrap___aeabi_dcmpgt
 .text.__wrap___aeabi_dcmpun
                0x0000000010001806       0x18 CMakeFiles/blinky.dir/mnt/c/Users/Joe/Documents/pico/pico-sdk/src/rp2_common/pico_double/double_aeabi_rp2040.S.obj
                0x0000000010001806                __wrap___aeabi_dcmpun
 *fill*         0x000000001000181e        0x2 
 .text.__wrap___aeabi_i2d
                0x0000000010001820       0x38 CMakeFiles/blinky.dir/mnt/c/Users/Joe/Documents/pico/pico-sdk/src/rp2_common/pico_double/double_aeabi_rp2040.S.obj
                0x0000000010001820                __wrap___aeabi_ui2d
                0x0000000010001828                __wrap___aeabi_i2d
 .text.__wrap___aeabi_d2iz
                0x0000000010001858       0x48 CMakeFiles/blinky.dir/mnt/c/Users/Joe/Documents/pico/pico-sdk/src/rp2_common/pico_double/double_aeabi_rp2040.S.obj
                0x0000000010001858                __wrap___aeabi_d2iz
                0x0000000010001858                double2int_z
 .text.__wrap___aeabi_d2uiz
                0x00000000100018a0       0x18 CMakeFiles/blinky.dir/mnt/c/Users/Joe/Documents/pico/pico-sdk/src/rp2_common/pico_double/double_aeabi_rp2040.S.obj
                0x00000000100018a0                double2uint
                0x00000000100018a0                __wrap___aeabi_d2uiz
 .text.__aeabi_double_init
                0x00000000100018b8       0xc8 CMakeFiles/blinky.dir/mnt/c/Users/Joe/Documents/pico/pico-sdk/src/rp2_common/pico_double/double_init_rom_rp2040.c.obj
                0x00000000100018b8                __aeabi_double_init
 .text.double_table_shim_on_use_helper
                0x0000000010001980       0x34 CMakeFiles/blinky.dir/mnt/c/Users/Joe/Documents/pico/pico-sdk/src/rp2_common/pico_double/double_v1_rom_shim_rp2040.S.obj
                0x0000000010001980                double_table_shim_on_use_helper
 .text.__wrap___aeabi_dsub
                0x00000000100019b4       0x10 CMakeFiles/blinky.dir/mnt/c/Users/Joe/Documents/pico/pico-sdk/src/rp2_common/pico_double/double_v1_rom_shim_rp2040.S.obj
                0x00000000100019b4                drsub_shim
                0x00000000100019ba                dsub_shim
 .text.dadd_shim
                0x00000000100019c4      0x15c CMakeFiles/blinky.dir/mnt/c/Users/Joe/Documents/pico/pico-sdk/src/rp2_common/pico_double/double_v1_rom_shim_rp2040.S.obj
                0x00000000100019c4                dadd_shim
 .text.dmul_shim
                0x0000000010001b20      0x15c CMakeFiles/blinky.dir/mnt/c/Users/Joe/Documents/pico/pico-sdk/src/rp2_common/pico_double/double_v1_rom_shim_rp2040.S.obj
                0x0000000010001b20                dmul_shim
 .text.ddiv_shim
                0x0000000010001c7c      0x1b0 CMakeFiles/blinky.dir/mnt/c/Users/Joe/Documents/pico/pico-sdk/src/rp2_common/pico_double/double_v1_rom_shim_rp2040.S.obj
                0x0000000010001c7c                ddiv_shim
 .text.double2uint_shim
                0x0000000010001e2c        0xe CMakeFiles/blinky.dir/mnt/c/Users/Joe/Documents/pico/pico-sdk/src/rp2_common/pico_double/double_v1_rom_shim_rp2040.S.obj
                0x0000000010001e2c                double2uint_shim
                0x0000000010001e2e                double2ufix_shim
 *fill*         0x0000000010001e3a        0x2 
 .text.double2uint64_shim
                0x0000000010001e3c       0x70 CMakeFiles/blinky.dir/mnt/c/Users/Joe/Documents/pico/pico-sdk/src/rp2_common/pico_double/double_v1_rom_shim_rp2040.S.obj
                0x0000000010001e3c                double2uint64_shim
                0x0000000010001e3e                double2ufix64_shim
                0x0000000010001e5e                d2fix_a
 .text.dunpacks
                0x0000000010001eac       0x3c CMakeFiles/blinky.dir/mnt/c/Users/Joe/Documents/pico/pico-sdk/src/rp2_common/pico_double/double_v1_rom_shim_rp2040.S.obj
                0x0000000010001eac                dunpacks
 .text.__aeabi_lmul
                0x0000000010001ee8       0x32 CMakeFiles/blinky.dir/mnt/c/Users/Joe/Documents/pico/pico-sdk/src/rp2_common/pico_int64_ops/pico_int64_ops_aeabi.S.obj
                0x0000000010001ee8                __wrap___aeabi_lmul
 *fill*         0x0000000010001f1a        0x2 
 .text.__aeabi_float_init
                0x0000000010001f1c       0xfc CMakeFiles/blinky.dir/mnt/c/Users/Joe/Documents/pico/pico-sdk/src/rp2_common/pico_float/float_init_rom_rp2040.c.obj
                0x0000000010001f1c                __aeabi_float_init
 .text.float_table_shim_on_use_helper
                0x0000000010002018       0x34 CMakeFiles/blinky.dir/mnt/c/Users/Joe/Documents/pico/pico-sdk/src/rp2_common/pico_float/float_v1_rom_shim_rp2040.S.obj
                0x0000000010002018                float_table_shim_on_use_helper
 .text          0x000000001000204c       0x10 CMakeFiles/blinky.dir/mnt/c/Users/Joe/Documents/pico/pico-sdk/src/rp2_common/pico_mem_ops/mem_ops_aeabi.S.obj
                0x000000001000204c                __aeabi_mem_init
 .text.memcpy   0x000000001000205c        0xc CMakeFiles/blinky.dir/mnt/c/Users/Joe/Documents/pico/pico-sdk/src/rp2_common/pico_mem_ops/mem_ops_aeabi.S.obj
                0x000000001000205c                __wrap___aeabi_memcpy
                0x000000001000205c                __wrap_memcpy
 .text._out_null
                0x0000000010002068        0x2 CMakeFiles/blinky.dir/mnt/c/Users/Joe/Documents/pico/pico-sdk/src/rp2_common/pico_printf/printf.c.obj
 .text._out_fct
                0x000000001000206a        0xe CMakeFiles/blinky.dir/mnt/c/Users/Joe/Documents/pico/pico-sdk/src/rp2_common/pico_printf/printf.c.obj
 .text._atoi    0x0000000010002078       0x24 CMakeFiles/blinky.dir/mnt/c/Users/Joe/Documents/pico/pico-sdk/src/rp2_common/pico_printf/printf.c.obj
 .text._out_rev
                0x000000001000209c       0xae CMakeFiles/blinky.dir/mnt/c/Users/Joe/Documents/pico/pico-sdk/src/rp2_common/pico_printf/printf.c.obj
 .text._ntoa_format
                0x000000001000214a      0x112 CMakeFiles/blinky.dir/mnt/c/Users/Joe/Documents/pico/pico-sdk/src/rp2_common/pico_printf/printf.c.obj
 .text._ntoa_long
                0x000000001000225c       0xbc CMakeFiles/blinky.dir/mnt/c/Users/Joe/Documents/pico/pico-sdk/src/rp2_common/pico_printf/printf.c.obj
 .text._ntoa_long_long
                0x0000000010002318       0xe2 CMakeFiles/blinky.dir/mnt/c/Users/Joe/Documents/pico/pico-sdk/src/rp2_common/pico_printf/printf.c.obj
 *fill*         0x00000000100023fa        0x2 
 .text._etoa    0x00000000100023fc      0x414 CMakeFiles/blinky.dir/mnt/c/Users/Joe/Documents/pico/pico-sdk/src/rp2_common/pico_printf/printf.c.obj
 .text._ftoa    0x0000000010002810      0x354 CMakeFiles/blinky.dir/mnt/c/Users/Joe/Documents/pico/pico-sdk/src/rp2_common/pico_printf/printf.c.obj
 .text._vsnprintf
                0x0000000010002b64      0x624 CMakeFiles/blinky.dir/mnt/c/Users/Joe/Documents/pico/pico-sdk/src/rp2_common/pico_printf/printf.c.obj
 .text.vfctprintf
                0x0000000010003188       0x20 CMakeFiles/blinky.dir/mnt/c/Users/Joe/Documents/pico/pico-sdk/src/rp2_common/pico_printf/printf.c.obj
                0x0000000010003188                vfctprintf
 .text._exit    0x00000000100031a8        0x4 CMakeFiles/blinky.dir/mnt/c/Users/Joe/Documents/pico/pico-sdk/src/rp2_common/pico_clib_interface/newlib_interface.c.obj
                0x00000000100031a8                _exit
 .text.exit     0x00000000100031ac        0x6 CMakeFiles/blinky.dir/mnt/c/Users/Joe/Documents/pico/pico-sdk/src/rp2_common/pico_clib_interface/newlib_interface.c.obj
                0x00000000100031ac                exit
 *fill*         0x00000000100031b2        0x2 
 .text.__assert_func
                0x00000000100031b4       0x3c CMakeFiles/blinky.dir/mnt/c/Users/Joe/Documents/pico/pico-sdk/src/rp2_common/pico_clib_interface/newlib_interface.c.obj
                0x00000000100031b4                __assert_func
 .text.runtime_init
                0x00000000100031f0       0x28 CMakeFiles/blinky.dir/mnt/c/Users/Joe/Documents/pico/pico-sdk/src/rp2_common/pico_clib_interface/newlib_interface.c.obj
                0x00000000100031f0                runtime_init
 .text.stdio_out_chars_no_crlf
                0x0000000010003218        0xe CMakeFiles/blinky.dir/mnt/c/Users/Joe/Documents/pico/pico-sdk/src/rp2_common/pico_stdio/stdio.c.obj
 *fill*         0x0000000010003226        0x2 
 .text.stdio_out_chars_crlf
                0x0000000010003228       0x80 CMakeFiles/blinky.dir/mnt/c/Users/Joe/Documents/pico/pico-sdk/src/rp2_common/pico_stdio/stdio.c.obj
 .text.stdio_stack_buffer_flush
                0x00000000100032a8       0x44 CMakeFiles/blinky.dir/mnt/c/Users/Joe/Documents/pico/pico-sdk/src/rp2_common/pico_stdio/stdio.c.obj
 .text.stdio_buffered_printer
                0x00000000100032ec       0x20 CMakeFiles/blinky.dir/mnt/c/Users/Joe/Documents/pico/pico-sdk/src/rp2_common/pico_stdio/stdio.c.obj
 .text.stdout_serialize_begin
                0x000000001000330c       0x30 CMakeFiles/blinky.dir/mnt/c/Users/Joe/Documents/pico/pico-sdk/src/rp2_common/pico_stdio/stdio.c.obj
                0x000000001000330c                stdout_serialize_begin
 .text.stdout_serialize_end
                0x000000001000333c       0x10 CMakeFiles/blinky.dir/mnt/c/Users/Joe/Documents/pico/pico-sdk/src/rp2_common/pico_stdio/stdio.c.obj
                0x000000001000333c                stdout_serialize_end
 .text.stdio_put_string
                0x000000001000334c       0x94 CMakeFiles/blinky.dir/mnt/c/Users/Joe/Documents/pico/pico-sdk/src/rp2_common/pico_stdio/stdio.c.obj
                0x000000001000334c                stdio_put_string
 .text.stdio_flush
                0x00000000100033e0       0x20 CMakeFiles/blinky.dir/mnt/c/Users/Joe/Documents/pico/pico-sdk/src/rp2_common/pico_stdio/stdio.c.obj
                0x00000000100033e0                stdio_flush
 .text.__wrap_puts
                0x0000000010003400       0x1e CMakeFiles/blinky.dir/mnt/c/Users/Joe/Documents/pico/pico-sdk/src/rp2_common/pico_stdio/stdio.c.obj
                0x0000000010003400                __wrap_puts
                0x0000000010003400                stdio_puts
 *fill*         0x000000001000341e        0x2 
 .text.__wrap_vprintf
                0x0000000010003420       0x40 CMakeFiles/blinky.dir/mnt/c/Users/Joe/Documents/pico/pico-sdk/src/rp2_common/pico_stdio/stdio.c.obj
                0x0000000010003420                __wrap_vprintf
                0x0000000010003420                stdio_vprintf
 .text.__wrap_printf
                0x0000000010003460       0x18 CMakeFiles/blinky.dir/mnt/c/Users/Joe/Documents/pico/pico-sdk/src/rp2_common/pico_stdio/stdio.c.obj
                0x0000000010003460                stdio_printf
                0x0000000010003460                __wrap_printf
 .text          0x0000000010003478       0x5c /usr/lib/gcc/arm-none-eabi/10.3.1/../../../arm-none-eabi/lib/thumb/v6-m/nofp/libg.a(lib_a-strlen-stub.o)
                0x0000000010003478                strlen
 *(.fini)
 .fini          0x00000000100034d4        0x4 /usr/lib/gcc/arm-none-eabi/10.3.1/thumb/v6-m/nofp/crti.o
                0x00000000100034d4                _fini
 .fini.__stub   0x00000000100034d8       0x40 linker stubs
 *crtbegin.o(.ctors)
 *crtbegin?.o(.ctors)
 *(EXCLUDE_FILE(*crtend.o *crtend?.o) .ctors)
 *(SORT_BY_NAME(.ctors.*))
 *(.ctors)
 *crtbegin.o(.dtors)
 *crtbegin?.o(.dtors)
 *(EXCLUDE_FILE(*crtend.o *crtend?.o) .dtors)
 *(SORT_BY_NAME(.dtors.*))
 *(.dtors)
                0x0000000010003518                . = ALIGN (0x4)
                0x0000000010003518                PROVIDE (__preinit_array_start = .)
 *(SORT_BY_NAME(.preinit_array.*))
 .preinit_array.00100
                0x0000000010003518        0x4 CMakeFiles/blinky.dir/mnt/c/Users/Joe/Documents/pico/pico-sdk/src/rp2_common/pico_runtime_init/runtime_init.c.obj
                0x0000000010003518                __pre_init_runtime_init_early_resets
 .preinit_array.00101
                0x000000001000351c        0x4 CMakeFiles/blinky.dir/mnt/c/Users/Joe/Documents/pico/pico-sdk/src/rp2_common/pico_runtime_init/runtime_init.c.obj
                0x000000001000351c                __pre_init_runtime_init_usb_power_down
 .preinit_array.00275
                0x0000000010003520        0x4 CMakeFiles/blinky.dir/mnt/c/Users/Joe/Documents/pico/pico-sdk/src/rp2_common/pico_bit_ops/bit_ops_aeabi.S.obj
 .preinit_array.00300
                0x0000000010003524        0x4 CMakeFiles/blinky.dir/mnt/c/Users/Joe/Documents/pico/pico-sdk/src/rp2_common/pico_mem_ops/mem_ops_aeabi.S.obj
 .preinit_array.00350
                0x0000000010003528        0x4 CMakeFiles/blinky.dir/mnt/c/Users/Joe/Documents/pico/pico-sdk/src/rp2_common/pico_double/double_aeabi_rp2040.S.obj
 .preinit_array.00350
                0x000000001000352c        0x4 CMakeFiles/blinky.dir/mnt/c/Users/Joe/Documents/pico/pico-sdk/src/rp2_common/pico_float/float_aeabi_rp2040.S.obj
 .preinit_array.00500
                0x0000000010003530        0x4 CMakeFiles/blinky.dir/mnt/c/Users/Joe/Documents/pico/pico-sdk/src/rp2_common/pico_runtime_init/runtime_init.c.obj
                0x0000000010003530                __pre_init_runtime_init_clocks
 .preinit_array.00600
                0x0000000010003534        0x4 CMakeFiles/blinky.dir/mnt/c/Users/Joe/Documents/pico/pico-sdk/src/rp2_common/pico_runtime_init/runtime_init.c.obj
                0x0000000010003534                __pre_init_runtime_init_post_clock_resets
 .preinit_array.00700
                0x0000000010003538        0x4 CMakeFiles/blinky.dir/mnt/c/Users/Joe/Documents/pico/pico-sdk/src/rp2_common/pico_runtime_init/runtime_init.c.obj
                0x0000000010003538                __pre_init_runtime_init_rp2040_gpio_ie_disable
 .preinit_array.01000
                0x000000001000353c        0x4 CMakeFiles/blinky.dir/mnt/c/Users/Joe/Documents/pico/pico-sdk/src/rp2_common/pico_runtime_init/runtime_init.c.obj
                0x000000001000353c                __pre_init_runtime_init_spin_locks_reset
 .preinit_array.01100
                0x0000000010003540        0x4 CMakeFiles/blinky.dir/mnt/c/Users/Joe/Documents/pico/pico-sdk/src/common/pico_sync/mutex.c.obj
                0x0000000010003540                __pre_init_runtime_init_mutex
 .preinit_array.10080
                0x0000000010003544        0x4 CMakeFiles/blinky.dir/mnt/c/Users/Joe/Documents/pico/pico-sdk/src/rp2_common/pico_runtime_init/runtime_init.c.obj
                0x0000000010003544                __pre_init_runtime_init_install_ram_vector_table
 .preinit_array.11000
                0x0000000010003548        0x4 CMakeFiles/blinky.dir/mnt/c/Users/Joe/Documents/pico/pico-sdk/src/common/pico_time/time.c.obj
                0x0000000010003548                __pre_init_runtime_init_default_alarm_pool
 .preinit_array.YYYYY
                0x000000001000354c        0x4 CMakeFiles/blinky.dir/mnt/c/Users/Joe/Documents/pico/pico-sdk/src/rp2_common/pico_runtime/runtime.c.obj
                0x000000001000354c                __pre_init_first_per_core_initializer
 .preinit_array.ZZZZZ.01200
                0x0000000010003550        0x4 CMakeFiles/blinky.dir/mnt/c/Users/Joe/Documents/pico/pico-sdk/src/rp2_common/hardware_irq/irq.c.obj
                0x0000000010003550                __pre_init_runtime_init_per_core_irq_priorities
 *(.preinit_array)
                0x0000000010003554                PROVIDE (__preinit_array_end = .)
                0x0000000010003554                . = ALIGN (0x4)
                0x0000000010003554                PROVIDE (__init_array_start = .)
 *(SORT_BY_NAME(.init_array.*))
 *(.init_array)
 .init_array    0x0000000010003554        0x4 /usr/lib/gcc/arm-none-eabi/10.3.1/thumb/v6-m/nofp/crtbegin.o
                0x0000000010003558                PROVIDE (__init_array_end = .)
                0x0000000010003558                . = ALIGN (0x4)
                0x0000000010003558                PROVIDE (__fini_array_start = .)
 *(SORT_BY_NAME(.fini_array.*))
 *(.fini_array)
                0x0000000010003558                PROVIDE (__fini_array_end = .)
 *(.eh_frame*)
 .eh_frame      0x0000000010003558        0x0 /usr/lib/gcc/arm-none-eabi/10.3.1/thumb/v6-m/nofp/crtbegin.o
                0x0000000010003558                . = ALIGN (0x4)

.glue_7         0x0000000010003558        0x0
 .glue_7        0x0000000010003558        0x0 linker stubs

.glue_7t        0x0000000010003558        0x0
 .glue_7t       0x0000000010003558        0x0 linker stubs

.vfp11_veneer   0x0000000010003558        0x0
 .vfp11_veneer  0x0000000010003558        0x0 linker stubs

.v4_bx          0x0000000010003558        0x0
 .v4_bx         0x0000000010003558        0x0 linker stubs

.iplt           0x0000000010003558        0x0
 .iplt          0x0000000010003558        0x0 /usr/lib/gcc/arm-none-eabi/10.3.1/thumb/v6-m/nofp/crtbegin.o

.rodata         0x0000000010003558      0x89c
 *(EXCLUDE_FILE(*libm.a: *libc.a:*lib_a-mem*.o *libgcc.a:) .rodata*)
 .rodata.panic.str1.4
                0x0000000010003558       0x12 CMakeFiles/blinky.dir/mnt/c/Users/Joe/Documents/pico/pico-sdk/src/rp2_common/pico_platform_panic/panic.c.obj
 *fill*         0x000000001000356a        0x2 
 .rodata.make_j_16.str1.4
                0x000000001000356c       0x7b CMakeFiles/blinky.dir/mnt/c/Users/Joe/Documents/pico/pico-sdk/src/rp2_common/hardware_irq/irq.c.obj
 *fill*         0x00000000100035e7        0x1 
 .rodata.irq_set_exclusive_handler.str1.4
                0x00000000100035e8       0x36 CMakeFiles/blinky.dir/mnt/c/Users/Joe/Documents/pico/pico-sdk/src/rp2_common/hardware_irq/irq.c.obj
 *fill*         0x000000001000361e        0x2 
 .rodata.__func__.6
                0x0000000010003620       0x1a CMakeFiles/blinky.dir/mnt/c/Users/Joe/Documents/pico/pico-sdk/src/rp2_common/hardware_irq/irq.c.obj
 *fill*         0x000000001000363a        0x2 
 .rodata.runtime_init_mutex.str1.4
                0x000000001000363c       0x66 CMakeFiles/blinky.dir/mnt/c/Users/Joe/Documents/pico/pico-sdk/src/common/pico_sync/mutex.c.obj
 *fill*         0x00000000100036a2        0x2 
 .rodata.str1.4
                0x00000000100036a4       0x51 CMakeFiles/blinky.dir/mnt/c/Users/Joe/Documents/pico/pico-sdk/src/common/pico_sync/mutex.c.obj
 *fill*         0x00000000100036f5        0x3 
 .rodata.__func__.1
                0x00000000100036f8        0xb CMakeFiles/blinky.dir/mnt/c/Users/Joe/Documents/pico/pico-sdk/src/common/pico_sync/mutex.c.obj
 *fill*         0x0000000010003703        0x1 
 .rodata.__func__.3
                0x0000000010003704       0x18 CMakeFiles/blinky.dir/mnt/c/Users/Joe/Documents/pico/pico-sdk/src/common/pico_sync/mutex.c.obj
 .rodata.__func__.6
                0x000000001000371c       0x13 CMakeFiles/blinky.dir/mnt/c/Users/Joe/Documents/pico/pico-sdk/src/common/pico_sync/mutex.c.obj
 *fill*         0x000000001000372f        0x1 
 .rodata.alarm_pool_irq_handler.str1.4
                0x0000000010003730       0x71 CMakeFiles/blinky.dir/mnt/c/Users/Joe/Documents/pico/pico-sdk/src/common/pico_time/time.c.obj
 *fill*         0x00000000100037a1        0x3 
 .rodata.alarm_pool_get_default.str1.4
                0x00000000100037a4       0x21 CMakeFiles/blinky.dir/mnt/c/Users/Joe/Documents/pico/pico-sdk/src/common/pico_time/time.c.obj
 *fill*         0x00000000100037c5        0x3 
 .rodata.sleep_until.str1.4
                0x00000000100037c8       0x4d CMakeFiles/blinky.dir/mnt/c/Users/Joe/Documents/pico/pico-sdk/src/common/pico_time/time.c.obj
 *fill*         0x0000000010003815        0x3 
 .rodata.__func__.1
                0x0000000010003818       0x17 CMakeFiles/blinky.dir/mnt/c/Users/Joe/Documents/pico/pico-sdk/src/common/pico_time/time.c.obj
 *fill*         0x000000001000382f        0x1 
 .rodata.__func__.2
                0x0000000010003830       0x17 CMakeFiles/blinky.dir/mnt/c/Users/Joe/Documents/pico/pico-sdk/src/common/pico_time/time.c.obj
 *fill*         0x0000000010003847        0x1 
 .rodata.timer_hardware_alarm_claim.str1.4
                0x0000000010003848       0x22 CMakeFiles/blinky.dir/mnt/c/Users/Joe/Documents/pico/pico-sdk/src/rp2_common/hardware_timer/timer.c.obj
 *fill*         0x000000001000386a        0x2 
 .rodata.pll_init.str1.4
                0x000000001000386c      0x120 CMakeFiles/blinky.dir/mnt/c/Users/Joe/Documents/pico/pico-sdk/src/rp2_common/hardware_pll/pll.c.obj
 .rodata.__func__.0
                0x000000001000398c        0x9 CMakeFiles/blinky.dir/mnt/c/Users/Joe/Documents/pico/pico-sdk/src/rp2_common/hardware_pll/pll.c.obj
 *fill*         0x0000000010003995        0x3 
 .rodata.__aeabi_double_init.str1.4
                0x0000000010003998       0xa1 CMakeFiles/blinky.dir/mnt/c/Users/Joe/Documents/pico/pico-sdk/src/rp2_common/pico_double/double_init_rom_rp2040.c.obj
 *fill*         0x0000000010003a39        0x3 
 .rodata.__func__.0
                0x0000000010003a3c       0x14 CMakeFiles/blinky.dir/mnt/c/Users/Joe/Documents/pico/pico-sdk/src/rp2_common/pico_double/double_init_rom_rp2040.c.obj
 .rodata.__aeabi_float_init.str1.4
                0x0000000010003a50       0x8f CMakeFiles/blinky.dir/mnt/c/Users/Joe/Documents/pico/pico-sdk/src/rp2_common/pico_float/float_init_rom_rp2040.c.obj
                                         0x93 (size before relaxing)
 *fill*         0x0000000010003adf        0x1 
 .rodata.__func__.0
                0x0000000010003ae0       0x13 CMakeFiles/blinky.dir/mnt/c/Users/Joe/Documents/pico/pico-sdk/src/rp2_common/pico_float/float_init_rom_rp2040.c.obj
 *fill*         0x0000000010003af3        0x1 
 .rodata.str1.4
                0x0000000010003af4       0x2c CMakeFiles/blinky.dir/mnt/c/Users/Joe/Documents/pico/pico-sdk/src/rp2_common/pico_standard_binary_info/standard_binary_info.c.obj
 .rodata.__bi_26
                0x0000000010003b20        0xc CMakeFiles/blinky.dir/mnt/c/Users/Joe/Documents/pico/pico-sdk/src/rp2_common/pico_standard_binary_info/standard_binary_info.c.obj
 .rodata.__bi_34
                0x0000000010003b2c        0xc CMakeFiles/blinky.dir/mnt/c/Users/Joe/Documents/pico/pico-sdk/src/rp2_common/pico_standard_binary_info/standard_binary_info.c.obj
 .rodata.__bi_42
                0x0000000010003b38        0xc CMakeFiles/blinky.dir/mnt/c/Users/Joe/Documents/pico/pico-sdk/src/rp2_common/pico_standard_binary_info/standard_binary_info.c.obj
 .rodata.__bi_48
                0x0000000010003b44        0xc CMakeFiles/blinky.dir/mnt/c/Users/Joe/Documents/pico/pico-sdk/src/rp2_common/pico_standard_binary_info/standard_binary_info.c.obj
 .rodata.__bi_54
                0x0000000010003b50        0xc CMakeFiles/blinky.dir/mnt/c/Users/Joe/Documents/pico/pico-sdk/src/rp2_common/pico_standard_binary_info/standard_binary_info.c.obj
 .rodata.__bi_84
                0x0000000010003b5c        0xc CMakeFiles/blinky.dir/mnt/c/Users/Joe/Documents/pico/pico-sdk/src/rp2_common/pico_standard_binary_info/standard_binary_info.c.obj
 .rodata._ftoa.str1.4
                0x0000000010003b68       0x15 CMakeFiles/blinky.dir/mnt/c/Users/Joe/Documents/pico/pico-sdk/src/rp2_common/pico_printf/printf.c.obj
 *fill*         0x0000000010003b7d        0x3 
 .rodata._vsnprintf
                0x0000000010003b80      0x1e0 CMakeFiles/blinky.dir/mnt/c/Users/Joe/Documents/pico/pico-sdk/src/rp2_common/pico_printf/printf.c.obj
 .rodata.pow10.0
                0x0000000010003d60       0x50 CMakeFiles/blinky.dir/mnt/c/Users/Joe/Documents/pico/pico-sdk/src/rp2_common/pico_printf/printf.c.obj
 .rodata.__assert_func.str1.4
                0x0000000010003db0       0x3f CMakeFiles/blinky.dir/mnt/c/Users/Joe/Documents/pico/pico-sdk/src/rp2_common/pico_clib_interface/newlib_interface.c.obj
                                         0x43 (size before relaxing)
 *fill*         0x0000000010003def        0x1 
 .rodata.crlf_str.0
                0x0000000010003df0        0x2 CMakeFiles/blinky.dir/mnt/c/Users/Joe/Documents/pico/pico-sdk/src/rp2_common/pico_stdio/stdio.c.obj
                0x0000000010003df4                . = ALIGN (0x4)
 *fill*         0x0000000010003df2        0x2 
 *(SORT_BY_ALIGNMENT(SORT_BY_NAME(.flashdata*)))
                0x0000000010003df4                . = ALIGN (0x4)

.ARM.extab
 *(.ARM.extab* .gnu.linkonce.armextab.*)
                0x0000000010003df4                __exidx_start = .

.ARM.exidx
 *(.ARM.exidx* .gnu.linkonce.armexidx.*)
                0x0000000010003df4                __exidx_end = .
                0x0000000010003df4                . = ALIGN (0x4)
                0x0000000010003df4                __binary_info_start = .

.binary_info    0x0000000010003df4       0x18
 *(.binary_info.keep.*)
 .binary_info.keep.__bi_ptr26
                0x0000000010003df4        0x4 CMakeFiles/blinky.dir/mnt/c/Users/Joe/Documents/pico/pico-sdk/src/rp2_common/pico_standard_binary_info/standard_binary_info.c.obj
 .binary_info.keep.__bi_ptr34
                0x0000000010003df8        0x4 CMakeFiles/blinky.dir/mnt/c/Users/Joe/Documents/pico/pico-sdk/src/rp2_common/pico_standard_binary_info/standard_binary_info.c.obj
 .binary_info.keep.__bi_ptr42
                0x0000000010003dfc        0x4 CMakeFiles/blinky.dir/mnt/c/Users/Joe/Documents/pico/pico-sdk/src/rp2_common/pico_standard_binary_info/standard_binary_info.c.obj
 .binary_info.keep.__bi_ptr48
                0x0000000010003e00        0x4 CMakeFiles/blinky.dir/mnt/c/Users/Joe/Documents/pico/pico-sdk/src/rp2_common/pico_standard_binary_info/standard_binary_info.c.obj
 .binary_info.keep.__bi_ptr54
                0x0000000010003e04        0x4 CMakeFiles/blinky.dir/mnt/c/Users/Joe/Documents/pico/pico-sdk/src/rp2_common/pico_standard_binary_info/standard_binary_info.c.obj
 .binary_info.keep.__bi_ptr84
                0x0000000010003e08        0x4 CMakeFiles/blinky.dir/mnt/c/Users/Joe/Documents/pico/pico-sdk/src/rp2_common/pico_standard_binary_info/standard_binary_info.c.obj
 *(.binary_info.*)
                0x0000000010003e0c                __binary_info_end = .

.rel.dyn        0x0000000010003e0c        0x0
 .rel.iplt      0x0000000010003e0c        0x0 /usr/lib/gcc/arm-none-eabi/10.3.1/thumb/v6-m/nofp/crtbegin.o
                0x0000000010003e0c                . = ALIGN (0x4)

.ram_vector_table
                0x0000000020000000       0xc0
 *(.ram_vector_table)
 .ram_vector_table
                0x0000000020000000       0xc0 CMakeFiles/blinky.dir/mnt/c/Users/Joe/Documents/pico/pico-sdk/src/rp2_common/pico_runtime_init/runtime_init.c.obj
                0x0000000020000000                ram_vector_table

.uninitialized_data
                0x00000000200000c0        0x0
                0x00000000200000c0                . = ALIGN (0x4)
 *(.uninitialized_data*)

.data           0x00000000200000c0      0x1c8 load address 0x0000000010003e0c
                0x00000000200000c0                __data_start__ = .
 *(vtable)
 *(.time_critical*)
 .time_critical.mutex_try_enter
                0x00000000200000c0       0x46 CMakeFiles/blinky.dir/mnt/c/Users/Joe/Documents/pico/pico-sdk/src/common/pico_sync/mutex.c.obj
                0x00000000200000c0                mutex_try_enter
 *fill*         0x0000000020000106        0x2 
 .time_critical.mutex_enter_block_until
                0x0000000020000108       0x8c CMakeFiles/blinky.dir/mnt/c/Users/Joe/Documents/pico/pico-sdk/src/common/pico_sync/mutex.c.obj
                0x0000000020000108                mutex_enter_block_until
 .time_critical.mutex_try_enter_block_until
                0x0000000020000194       0x34 CMakeFiles/blinky.dir/mnt/c/Users/Joe/Documents/pico/pico-sdk/src/common/pico_sync/mutex.c.obj
                0x0000000020000194                mutex_try_enter_block_until
 .time_critical.mutex_exit
                0x00000000200001c8       0x4c CMakeFiles/blinky.dir/mnt/c/Users/Joe/Documents/pico/pico-sdk/src/common/pico_sync/mutex.c.obj
                0x00000000200001c8                mutex_exit
 *(.text*)
 .text          0x0000000020000214        0x4 /usr/lib/gcc/arm-none-eabi/10.3.1/thumb/v6-m/nofp/libgcc.a(_dvmd_tls.o)
                0x0000000020000214                __aeabi_ldiv0
                0x0000000020000214                __aeabi_idiv0
 .text.__stub   0x0000000020000218       0x20 linker stubs
                0x0000000020000238                . = ALIGN (0x4)
 *(.rodata*)
                0x0000000020000238                . = ALIGN (0x4)
 *(.data*)
 .data.striped_spin_lock_num
                0x0000000020000238        0x1 CMakeFiles/blinky.dir/mnt/c/Users/Joe/Documents/pico/pico-sdk/src/rp2_common/hardware_sync/sync.c.obj
 *fill*         0x0000000020000239        0x3 
 .data.default_alarm_pool
                0x000000002000023c       0x18 CMakeFiles/blinky.dir/mnt/c/Users/Joe/Documents/pico/pico-sdk/src/common/pico_time/time.c.obj
 *fill*         0x0000000020000254        0xc 
 .data.aeabi_bits_funcs
                0x0000000020000260       0x10 CMakeFiles/blinky.dir/mnt/c/Users/Joe/Documents/pico/pico-sdk/src/rp2_common/pico_bit_ops/bit_ops_aeabi.S.obj
                0x0000000020000260                aeabi_bits_funcs
                0x0000000020000270                aeabi_bits_funcs_end
 .data.aeabi_mem_funcs
                0x0000000020000270       0x10 CMakeFiles/blinky.dir/mnt/c/Users/Joe/Documents/pico/pico-sdk/src/rp2_common/pico_mem_ops/mem_ops_aeabi.S.obj
                0x0000000020000270                aeabi_mem_funcs
                0x0000000020000280                aeabi_mem_funcs_end
                0x0000000020000280                . = ALIGN (0x4)
 *(.after_data.*)
                0x0000000020000280                . = ALIGN (0x4)
                0x0000000020000280                PROVIDE (__mutex_array_start = .)
 *(SORT_BY_NAME(.mutex_array.*))
 *(.mutex_array)
 .mutex_array   0x0000000020000280        0x8 CMakeFiles/blinky.dir/mnt/c/Users/Joe/Documents/pico/pico-sdk/src/rp2_common/pico_stdio/stdio.c.obj
                0x0000000020000288                PROVIDE (__mutex_array_end = .)
                0x0000000020000288                . = ALIGN (0x4)
 *(.jcr)
                0x0000000020000288                . = ALIGN (0x4)

.tm_clone_table
                0x0000000020000288        0x0 load address 0x0000000010003fd4
 .tm_clone_table
                0x0000000020000288        0x0 /usr/lib/gcc/arm-none-eabi/10.3.1/thumb/v6-m/nofp/crtbegin.o
 .tm_clone_table
                0x0000000020000288        0x0 /usr/lib/gcc/arm-none-eabi/10.3.1/thumb/v6-m/nofp/crtend.o

.igot.plt       0x0000000020000288        0x0 load address 0x0000000010003fd4
 .igot.plt      0x0000000020000288        0x0 /usr/lib/gcc/arm-none-eabi/10.3.1/thumb/v6-m/nofp/crtbegin.o

.tdata          0x0000000020000288        0x0 load address 0x0000000010003fd4
                0x0000000020000288                . = ALIGN (0x4)
 *(.tdata .tdata.* .gnu.linkonce.td.*)
                0x0000000020000288                __tdata_end = .
                0x0000000020000288                PROVIDE (__data_end__ = .)
                0x0000000010003e0c                __etext = LOADADDR (.data)

.tbss           0x0000000020000288        0x0 load address 0x0000000010003fd4
                0x0000000020000288                . = ALIGN (0x4)
                0x0000000020000288                __bss_start__ = .
                0x0000000020000288                __tls_base = .
 *(.tbss .tbss.* .gnu.linkonce.tb.*)
 *(.tcommon)
                0x0000000020000288                __tls_end = .

.bss            0x0000000020000288      0x3e8 load address 0x0000000010003fd4
                0x0000000020000288                . = ALIGN (0x4)
                0x0000000020000288                __tbss_end = .
 *(SORT_BY_ALIGNMENT(SORT_BY_NAME(.bss*)))
 .bss.default_alarm_pool_entries
                0x0000000020000288      0x180 CMakeFiles/blinky.dir/mnt/c/Users/Joe/Documents/pico/pico-sdk/src/common/pico_time/time.c.obj
 .bss           0x0000000020000408       0x1c /usr/lib/gcc/arm-none-eabi/10.3.1/thumb/v6-m/nofp/crtbegin.o
 .bss.claimed   0x0000000020000424        0x1 CMakeFiles/blinky.dir/mnt/c/Users/Joe/Documents/pico/pico-sdk/src/rp2_common/hardware_timer/timer.c.obj
 *fill*         0x0000000020000425        0x3 
 .bss.configured_freq
                0x0000000020000428       0x28 CMakeFiles/blinky.dir/mnt/c/Users/Joe/Documents/pico/pico-sdk/src/rp2_common/hardware_clocks/clocks.c.obj
 .bss.drivers   0x0000000020000450        0x4 CMakeFiles/blinky.dir/mnt/c/Users/Joe/Documents/pico/pico-sdk/src/rp2_common/pico_stdio/stdio.c.obj
 .bss.filter    0x0000000020000454        0x4 CMakeFiles/blinky.dir/mnt/c/Users/Joe/Documents/pico/pico-sdk/src/rp2_common/pico_stdio/stdio.c.obj
 .bss.pools     0x0000000020000458       0x10 CMakeFiles/blinky.dir/mnt/c/Users/Joe/Documents/pico/pico-sdk/src/common/pico_time/time.c.obj
 .bss.sd_table  0x0000000020000468      0x100 CMakeFiles/blinky.dir/mnt/c/Users/Joe/Documents/pico/pico-sdk/src/rp2_common/pico_double/double_init_rom_rp2040.c.obj
                0x0000000020000468                sd_table
 .bss.sf_clz_func
                0x0000000020000568        0x4 CMakeFiles/blinky.dir/mnt/c/Users/Joe/Documents/pico/pico-sdk/src/rp2_common/pico_double/double_init_rom_rp2040.c.obj
                0x0000000020000568                sf_clz_func
 .bss.sf_table  0x000000002000056c      0x100 CMakeFiles/blinky.dir/mnt/c/Users/Joe/Documents/pico/pico-sdk/src/rp2_common/pico_float/float_init_rom_rp2040.c.obj
                0x000000002000056c                sf_table
 .bss.sleep_notifier
                0x000000002000066c        0x4 CMakeFiles/blinky.dir/mnt/c/Users/Joe/Documents/pico/pico-sdk/src/common/pico_time/time.c.obj
 *(COMMON)
                0x0000000020000670                . = ALIGN (0x4)
                0x0000000020000670                __bss_end__ = .

.heap           0x0000000020000670    0x3f990 load address 0x0000000010003fd4
                0x0000000020000670                __end__ = .
                0x0000000020000670                end = __end__
 *(.heap*)
 .heap          0x0000000020000670      0x800 CMakeFiles/blinky.dir/mnt/c/Users/Joe/Documents/pico/pico-sdk/src/rp2_common/pico_crt0/crt0.S.obj
                0x0000000020040000                . = (ORIGIN (RAM) + LENGTH (RAM))
 *fill*         0x0000000020000e70    0x3f190 
                0x0000000020040000                __HeapLimit = .

.scratch_x      0x0000000020040000        0x0 load address 0x0000000010003fd4
                0x0000000020040000                __scratch_x_start__ = .
 *(.scratch_x.*)
                0x0000000020040000                . = ALIGN (0x4)
                0x0000000020040000                __scratch_x_end__ = .
                0x0000000010003fd4                __scratch_x_source__ = LOADADDR (.scratch_x)

.scratch_y      0x0000000020041000        0x0 load address 0x0000000010003fd4
                0x0000000020041000                __scratch_y_start__ = .
 *(.scratch_y.*)
                0x0000000020041000                . = ALIGN (0x4)
                0x0000000020041000                __scratch_y_end__ = .
                0x0000000010003fd4                __scratch_y_source__ = LOADADDR (.scratch_y)

.stack1_dummy   0x0000000020040000        0x0
 *(.stack1*)

.stack_dummy    0x0000000020041000      0x800
 *(.stack*)
 .stack         0x0000000020041000      0x800 CMakeFiles/blinky.dir/mnt/c/Users/Joe/Documents/pico/pico-sdk/src/rp2_common/pico_crt0/crt0.S.obj

.flash_end      0x0000000010003fd4        0x0
 *(.embedded_end_block*)
                0x0000000010003fd4                PROVIDE (__flash_binary_end = .)
                0x0000000020040000                __StackLimit = (ORIGIN (RAM) + LENGTH (RAM))
                0x0000000020041000                __StackOneTop = (ORIGIN (SCRATCH_X) + LENGTH (SCRATCH_X))
                0x0000000020042000                __StackTop = (ORIGIN (SCRATCH_Y) + LENGTH (SCRATCH_Y))
                0x0000000020041000                __StackOneBottom = (__StackOneTop - SIZEOF (.stack1_dummy))
                0x0000000020041800                __StackBottom = (__StackTop - SIZEOF (.stack_dummy))
                0x0000000020042000                PROVIDE (__stack = __StackTop)
                [!provide]                        PROVIDE (__heap_start = __end__)
                [!provide]                        PROVIDE (__heap_end = __HeapLimit)
                [!provide]                        PROVIDE (__tls_align = MAX (ALIGNOF (.tdata), ALIGNOF (.tbss)))
                [!provide]                        PROVIDE (__tls_size_align = (((__tls_size + __tls_align) - 0x1) & ~ ((__tls_align - 0x1))))
                [!provide]                        PROVIDE (__arm32_tls_tcb_offset = MAX (0x8, __tls_align))
                [!provide]                        PROVIDE (_end = __end__)
                [!provide]                        PROVIDE (__llvm_libc_heap_limit = __HeapLimit)
                0x0000000000000001                ASSERT ((__StackLimit >= __HeapLimit), region RAM overflowed)
                0x0000000000000001                ASSERT (((__binary_info_header_end - __logical_binary_start) <= 0x100), Binary info must be in first 256 bytes of the binary)
LOAD CMakeFiles/blinky.dir/blinky.c.obj
LOAD CMakeFiles/blinky.dir/mnt/c/Users/Joe/Documents/pico/pico-sdk/src/rp2_common/pico_stdlib/stdlib.c.obj
LOAD CMakeFiles/blinky.dir/mnt/c/Users/Joe/Documents/pico/pico-sdk/src/rp2_common/hardware_gpio/gpio.c.obj
LOAD CMakeFiles/blinky.dir/mnt/c/Users/Joe/Documents/pico/pico-sdk/src/rp2040/pico_platform/platform.c.obj
LOAD CMakeFiles/blinky.dir/mnt/c/Users/Joe/Documents/pico/pico-sdk/src/rp2_common/pico_platform_panic/panic.c.obj
LOAD CMakeFiles/blinky.dir/mnt/c/Users/Joe/Documents/pico/pico-sdk/src/common/hardware_claim/claim.c.obj
LOAD CMakeFiles/blinky.dir/mnt/c/Users/Joe/Documents/pico/pico-sdk/src/rp2_common/hardware_sync/sync.c.obj
LOAD CMakeFiles/blinky.dir/mnt/c/Users/Joe/Documents/pico/pico-sdk/src/rp2_common/hardware_sync_spin_lock/sync_spin_lock.c.obj
LOAD CMakeFiles/blinky.dir/mnt/c/Users/Joe/Documents/pico/pico-sdk/src/rp2_common/hardware_irq/irq.c.obj
LOAD CMakeFiles/blinky.dir/mnt/c/Users/Joe/Documents/pico/pico-sdk/src/rp2_common/hardware_irq/irq_handler_chain.S.obj
LOAD CMakeFiles/blinky.dir/mnt/c/Users/Joe/Documents/pico/pico-sdk/src/common/pico_sync/sem.c.obj
LOAD CMakeFiles/blinky.dir/mnt/c/Users/Joe/Documents/pico/pico-sdk/src/common/pico_sync/lock_core.c.obj
LOAD CMakeFiles/blinky.dir/mnt/c/Users/Joe/Documents/pico/pico-sdk/src/common/pico_sync/mutex.c.obj
LOAD CMakeFiles/blinky.dir/mnt/c/Users/Joe/Documents/pico/pico-sdk/src/common/pico_sync/critical_section.c.obj
LOAD CMakeFiles/blinky.dir/mnt/c/Users/Joe/Documents/pico/pico-sdk/src/common/pico_time/time.c.obj
LOAD CMakeFiles/blinky.dir/mnt/c/Users/Joe/Documents/pico/pico-sdk/src/common/pico_time/timeout_helper.c.obj
LOAD CMakeFiles/blinky.dir/mnt/c/Users/Joe/Documents/pico/pico-sdk/src/rp2_common/hardware_timer/timer.c.obj
LOAD CMakeFiles/blinky.dir/mnt/c/Users/Joe/Documents/pico/pico-sdk/src/common/pico_util/datetime.c.obj
LOAD CMakeFiles/blinky.dir/mnt/c/Users/Joe/Documents/pico/pico-sdk/src/common/pico_util/pheap.c.obj
LOAD CMakeFiles/blinky.dir/mnt/c/Users/Joe/Documents/pico/pico-sdk/src/common/pico_util/queue.c.obj
LOAD CMakeFiles/blinky.dir/mnt/c/Users/Joe/Documents/pico/pico-sdk/src/rp2_common/hardware_uart/uart.c.obj
LOAD CMakeFiles/blinky.dir/mnt/c/Users/Joe/Documents/pico/pico-sdk/src/rp2_common/hardware_clocks/clocks.c.obj
LOAD CMakeFiles/blinky.dir/mnt/c/Users/Joe/Documents/pico/pico-sdk/src/rp2_common/hardware_pll/pll.c.obj
LOAD CMakeFiles/blinky.dir/mnt/c/Users/Joe/Documents/pico/pico-sdk/src/rp2_common/hardware_vreg/vreg.c.obj
LOAD CMakeFiles/blinky.dir/mnt/c/Users/Joe/Documents/pico/pico-sdk/src/rp2_common/hardware_watchdog/watchdog.c.obj
LOAD CMakeFiles/blinky.dir/mnt/c/Users/Joe/Documents/pico/pico-sdk/src/rp2_common/hardware_ticks/ticks.c.obj
LOAD CMakeFiles/blinky.dir/mnt/c/Users/Joe/Documents/pico/pico-sdk/src/rp2_common/hardware_xosc/xosc.c.obj
LOAD CMakeFiles/blinky.dir/mnt/c/Users/Joe/Documents/pico/pico-sdk/src/rp2_common/hardware_divider/divider.S.obj
LOAD CMakeFiles/blinky.dir/mnt/c/Users/Joe/Documents/pico/pico-sdk/src/rp2_common/pico_runtime/runtime.c.obj
LOAD CMakeFiles/blinky.dir/mnt/c/Users/Joe/Documents/pico/pico-sdk/src/rp2_common/pico_runtime_init/runtime_init.c.obj
LOAD CMakeFiles/blinky.dir/mnt/c/Users/Joe/Documents/pico/pico-sdk/src/rp2_common/pico_runtime_init/runtime_init_clocks.c.obj
LOAD CMakeFiles/blinky.dir/mnt/c/Users/Joe/Documents/pico/pico-sdk/src/rp2_common/pico_runtime_init/runtime_init_stack_guard.c.obj
LOAD CMakeFiles/blinky.dir/mnt/c/Users/Joe/Documents/pico/pico-sdk/src/rp2_common/pico_bit_ops/bit_ops_aeabi.S.obj
LOAD CMakeFiles/blinky.dir/mnt/c/Users/Joe/Documents/pico/pico-sdk/src/rp2_common/pico_bootrom/bootrom.c.obj
LOAD CMakeFiles/blinky.dir/mnt/c/Users/Joe/Documents/pico/pico-sdk/src/rp2_common/pico_bootrom/bootrom_lock.c.obj
LOAD CMakeFiles/blinky.dir/mnt/c/Users/Joe/Documents/pico/pico-sdk/src/rp2_common/hardware_boot_lock/boot_lock.c.obj
LOAD CMakeFiles/blinky.dir/mnt/c/Users/Joe/Documents/pico/pico-sdk/src/rp2_common/pico_divider/divider_hardware.S.obj
LOAD CMakeFiles/blinky.dir/mnt/c/Users/Joe/Documents/pico/pico-sdk/src/rp2_common/pico_double/double_aeabi_rp2040.S.obj
LOAD CMakeFiles/blinky.dir/mnt/c/Users/Joe/Documents/pico/pico-sdk/src/rp2_common/pico_double/double_init_rom_rp2040.c.obj
LOAD CMakeFiles/blinky.dir/mnt/c/Users/Joe/Documents/pico/pico-sdk/src/rp2_common/pico_double/double_math.c.obj
LOAD CMakeFiles/blinky.dir/mnt/c/Users/Joe/Documents/pico/pico-sdk/src/rp2_common/pico_double/double_v1_rom_shim_rp2040.S.obj
LOAD CMakeFiles/blinky.dir/mnt/c/Users/Joe/Documents/pico/pico-sdk/src/rp2_common/pico_int64_ops/pico_int64_ops_aeabi.S.obj
LOAD CMakeFiles/blinky.dir/mnt/c/Users/Joe/Documents/pico/pico-sdk/src/rp2_common/pico_float/float_aeabi_rp2040.S.obj
LOAD CMakeFiles/blinky.dir/mnt/c/Users/Joe/Documents/pico/pico-sdk/src/rp2_common/pico_float/float_init_rom_rp2040.c.obj
LOAD CMakeFiles/blinky.dir/mnt/c/Users/Joe/Documents/pico/pico-sdk/src/rp2_common/pico_float/float_math.c.obj
LOAD CMakeFiles/blinky.dir/mnt/c/Users/Joe/Documents/pico/pico-sdk/src/rp2_common/pico_float/float_v1_rom_shim_rp2040.S.obj
LOAD CMakeFiles/blinky.dir/mnt/c/Users/Joe/Documents/pico/pico-sdk/src/rp2_common/pico_malloc/malloc.c.obj
LOAD CMakeFiles/blinky.dir/mnt/c/Users/Joe/Documents/pico/pico-sdk/src/rp2_common/pico_mem_ops/mem_ops_aeabi.S.obj
LOAD CMakeFiles/blinky.dir/mnt/c/Users/Joe/Documents/pico/pico-sdk/src/rp2_common/pico_atomic/atomic.c.obj
LOAD CMakeFiles/blinky.dir/mnt/c/Users/Joe/Documents/pico/pico-sdk/src/rp2_common/pico_cxx_options/new_delete.cpp.obj
LOAD CMakeFiles/blinky.dir/mnt/c/Users/Joe/Documents/pico/pico-sdk/src/rp2_common/pico_standard_binary_info/standard_binary_info.c.obj
LOAD CMakeFiles/blinky.dir/mnt/c/Users/Joe/Documents/pico/pico-sdk/src/rp2_common/pico_printf/printf.c.obj
LOAD CMakeFiles/blinky.dir/mnt/c/Users/Joe/Documents/pico/pico-sdk/src/rp2_common/pico_crt0/crt0.S.obj
LOAD CMakeFiles/blinky.dir/mnt/c/Users/Joe/Documents/pico/pico-sdk/src/rp2_common/pico_clib_interface/newlib_interface.c.obj
LOAD CMakeFiles/blinky.dir/mnt/c/Users/Joe/Documents/pico/pico-sdk/src/rp2_common/pico_stdio/stdio.c.obj
LOAD CMakeFiles/blinky.dir/mnt/c/Users/Joe/Documents/pico/pico-sdk/src/rp2_common/pico_stdio_uart/stdio_uart.c.obj
LOAD /tmp/ccnQqHf3.o
LOAD /usr/lib/gcc/arm-none-eabi/10.3.1/../../../arm-none-eabi/lib/thumb/v6-m/nofp/libstdc++.a
LOAD /usr/lib/gcc/arm-none-eabi/10.3.1/../../../arm-none-eabi/lib/thumb/v6-m/nofp/libm.a
START GROUP
LOAD /usr/lib/gcc/arm-none-eabi/10.3.1/thumb/v6-m/nofp/libgcc.a
LOAD /usr/lib/gcc/arm-none-eabi/10.3.1/../../../arm-none-eabi/lib/thumb/v6-m/nofp/libg.a
LOAD /usr/lib/gcc/arm-none-eabi/10.3.1/../../../arm-none-eabi/lib/thumb/v6-m/nofp/libc.a
END GROUP
START GROUP
LOAD /usr/lib/gcc/arm-none-eabi/10.3.1/thumb/v6-m/nofp/libgcc.a
LOAD /usr/lib/gcc/arm-none-eabi/10.3.1/../../../arm-none-eabi/lib/thumb/v6-m/nofp/libc.a
LOAD /usr/lib/gcc/arm-none-eabi/10.3.1/../../../arm-none-eabi/lib/thumb/v6-m/nofp/libnosys.a
END GROUP
LOAD /usr/lib/gcc/arm-none-eabi/10.3.1/thumb/v6-m/nofp/crtend.o
LOAD /usr/lib/gcc/arm-none-eabi/10.3.1/thumb/v6-m/nofp/crtn.o
OUTPUT(blinky.elf elf32-littlearm)
LOAD linker stubs

.ARM.attributes
                0x0000000000000000       0x28
 .ARM.attributes
                0x0000000000000000       0x1e /usr/lib/gcc/arm-none-eabi/10.3.1/thumb/v6-m/nofp/crti.o
 .ARM.attributes
                0x000000000000001e       0x2c /usr/lib/gcc/arm-none-eabi/10.3.1/thumb/v6-m/nofp/crtbegin.o
 .ARM.attributes
                0x000000000000004a       0x2c CMakeFiles/blinky.dir/blinky.c.obj
 .ARM.attributes
                0x0000000000000076       0x2c CMakeFiles/blinky.dir/mnt/c/Users/Joe/Documents/pico/pico-sdk/src/rp2_common/hardware_gpio/gpio.c.obj
 .ARM.attributes
                0x00000000000000a2       0x2c CMakeFiles/blinky.dir/mnt/c/Users/Joe/Documents/pico/pico-sdk/src/rp2_common/pico_platform_panic/panic.c.obj
 .ARM.attributes
                0x00000000000000ce       0x2c CMakeFiles/blinky.dir/mnt/c/Users/Joe/Documents/pico/pico-sdk/src/common/hardware_claim/claim.c.obj
 .ARM.attributes
                0x00000000000000fa       0x2c CMakeFiles/blinky.dir/mnt/c/Users/Joe/Documents/pico/pico-sdk/src/rp2_common/hardware_sync/sync.c.obj
 .ARM.attributes
                0x0000000000000126       0x2c CMakeFiles/blinky.dir/mnt/c/Users/Joe/Documents/pico/pico-sdk/src/rp2_common/hardware_sync_spin_lock/sync_spin_lock.c.obj
 .ARM.attributes
                0x0000000000000152       0x2c CMakeFiles/blinky.dir/mnt/c/Users/Joe/Documents/pico/pico-sdk/src/rp2_common/hardware_irq/irq.c.obj
 .ARM.attributes
                0x000000000000017e       0x2c CMakeFiles/blinky.dir/mnt/c/Users/Joe/Documents/pico/pico-sdk/src/common/pico_sync/lock_core.c.obj
 .ARM.attributes
                0x00000000000001aa       0x2c CMakeFiles/blinky.dir/mnt/c/Users/Joe/Documents/pico/pico-sdk/src/common/pico_sync/mutex.c.obj
 .ARM.attributes
                0x00000000000001d6       0x2c CMakeFiles/blinky.dir/mnt/c/Users/Joe/Documents/pico/pico-sdk/src/common/pico_time/time.c.obj
 .ARM.attributes
                0x0000000000000202       0x2c CMakeFiles/blinky.dir/mnt/c/Users/Joe/Documents/pico/pico-sdk/src/rp2_common/hardware_timer/timer.c.obj
 .ARM.attributes
                0x000000000000022e       0x2c CMakeFiles/blinky.dir/mnt/c/Users/Joe/Documents/pico/pico-sdk/src/rp2_common/hardware_clocks/clocks.c.obj
 .ARM.attributes
                0x000000000000025a       0x2c CMakeFiles/blinky.dir/mnt/c/Users/Joe/Documents/pico/pico-sdk/src/rp2_common/hardware_pll/pll.c.obj
 .ARM.attributes
                0x0000000000000286       0x2c CMakeFiles/blinky.dir/mnt/c/Users/Joe/Documents/pico/pico-sdk/src/rp2_common/hardware_ticks/ticks.c.obj
 .ARM.attributes
                0x00000000000002b2       0x2c CMakeFiles/blinky.dir/mnt/c/Users/Joe/Documents/pico/pico-sdk/src/rp2_common/hardware_xosc/xosc.c.obj
 .ARM.attributes
                0x00000000000002de       0x2c CMakeFiles/blinky.dir/mnt/c/Users/Joe/Documents/pico/pico-sdk/src/rp2_common/pico_runtime/runtime.c.obj
 .ARM.attributes
                0x000000000000030a       0x2c CMakeFiles/blinky.dir/mnt/c/Users/Joe/Documents/pico/pico-sdk/src/rp2_common/pico_runtime_init/runtime_init.c.obj
 .ARM.attributes
                0x0000000000000336       0x2c CMakeFiles/blinky.dir/mnt/c/Users/Joe/Documents/pico/pico-sdk/src/rp2_common/pico_runtime_init/runtime_init_clocks.c.obj
 .ARM.attributes
                0x0000000000000362       0x22 CMakeFiles/blinky.dir/mnt/c/Users/Joe/Documents/pico/pico-sdk/src/rp2_common/pico_bit_ops/bit_ops_aeabi.S.obj
 .ARM.attributes
                0x0000000000000384       0x2c CMakeFiles/blinky.dir/mnt/c/Users/Joe/Documents/pico/pico-sdk/src/rp2_common/pico_bootrom/bootrom.c.obj
 .ARM.attributes
                0x00000000000003b0       0x22 CMakeFiles/blinky.dir/mnt/c/Users/Joe/Documents/pico/pico-sdk/src/rp2_common/pico_divider/divider_hardware.S.obj
 .ARM.attributes
                0x00000000000003d2       0x22 CMakeFiles/blinky.dir/mnt/c/Users/Joe/Documents/pico/pico-sdk/src/rp2_common/pico_double/double_aeabi_rp2040.S.obj
 .ARM.attributes
                0x00000000000003f4       0x2c CMakeFiles/blinky.dir/mnt/c/Users/Joe/Documents/pico/pico-sdk/src/rp2_common/pico_double/double_init_rom_rp2040.c.obj
 .ARM.attributes
                0x0000000000000420       0x22 CMakeFiles/blinky.dir/mnt/c/Users/Joe/Documents/pico/pico-sdk/src/rp2_common/pico_double/double_v1_rom_shim_rp2040.S.obj
 .ARM.attributes
                0x0000000000000442       0x22 CMakeFiles/blinky.dir/mnt/c/Users/Joe/Documents/pico/pico-sdk/src/rp2_common/pico_int64_ops/pico_int64_ops_aeabi.S.obj
 .ARM.attributes
                0x0000000000000464       0x22 CMakeFiles/blinky.dir/mnt/c/Users/Joe/Documents/pico/pico-sdk/src/rp2_common/pico_float/float_aeabi_rp2040.S.obj
 .ARM.attributes
                0x0000000000000486       0x2c CMakeFiles/blinky.dir/mnt/c/Users/Joe/Documents/pico/pico-sdk/src/rp2_common/pico_float/float_init_rom_rp2040.c.obj
 .ARM.attributes
                0x00000000000004b2       0x22 CMakeFiles/blinky.dir/mnt/c/Users/Joe/Documents/pico/pico-sdk/src/rp2_common/pico_float/float_v1_rom_shim_rp2040.S.obj
 .ARM.attributes
                0x00000000000004d4       0x22 CMakeFiles/blinky.dir/mnt/c/Users/Joe/Documents/pico/pico-sdk/src/rp2_common/pico_mem_ops/mem_ops_aeabi.S.obj
 .ARM.attributes
                0x00000000000004f6       0x32 CMakeFiles/blinky.dir/mnt/c/Users/Joe/Documents/pico/pico-sdk/src/rp2_common/pico_standard_binary_info/standard_binary_info.c.obj
 .ARM.attributes
                0x0000000000000528       0x2c CMakeFiles/blinky.dir/mnt/c/Users/Joe/Documents/pico/pico-sdk/src/rp2_common/pico_printf/printf.c.obj
 .ARM.attributes
                0x0000000000000554       0x22 CMakeFiles/blinky.dir/mnt/c/Users/Joe/Documents/pico/pico-sdk/src/rp2_common/pico_crt0/crt0.S.obj
 .ARM.attributes
                0x0000000000000576       0x2c CMakeFiles/blinky.dir/mnt/c/Users/Joe/Documents/pico/pico-sdk/src/rp2_common/pico_clib_interface/newlib_interface.c.obj
 .ARM.attributes
                0x00000000000005a2       0x2c CMakeFiles/blinky.dir/mnt/c/Users/Joe/Documents/pico/pico-sdk/src/rp2_common/pico_stdio/stdio.c.obj
 .ARM.attributes
                0x00000000000005ce       0x22 /tmp/ccnQqHf3.o
 .ARM.attributes
                0x00000000000005f0       0x1e /usr/lib/gcc/arm-none-eabi/10.3.1/thumb/v6-m/nofp/libgcc.a(_dvmd_tls.o)
 .ARM.attributes
                0x000000000000060e       0x2c /usr/lib/gcc/arm-none-eabi/10.3.1/../../../arm-none-eabi/lib/thumb/v6-m/nofp/libg.a(lib_a-strlen-stub.o)
 .ARM.attributes
                0x000000000000063a       0x2c /usr/lib/gcc/arm-none-eabi/10.3.1/thumb/v6-m/nofp/crtend.o

.comment        0x0000000000000000       0x33
 .comment       0x0000000000000000       0x33 /usr/lib/gcc/arm-none-eabi/10.3.1/thumb/v6-m/nofp/crtbegin.o
                                         0x34 (size before relaxing)
 .comment       0x0000000000000033       0x34 CMakeFiles/blinky.dir/blinky.c.obj
 .comment       0x0000000000000033       0x34 CMakeFiles/blinky.dir/mnt/c/Users/Joe/Documents/pico/pico-sdk/src/rp2_common/hardware_gpio/gpio.c.obj
 .comment       0x0000000000000033       0x34 CMakeFiles/blinky.dir/mnt/c/Users/Joe/Documents/pico/pico-sdk/src/rp2_common/pico_platform_panic/panic.c.obj
 .comment       0x0000000000000033       0x34 CMakeFiles/blinky.dir/mnt/c/Users/Joe/Documents/pico/pico-sdk/src/common/hardware_claim/claim.c.obj
 .comment       0x0000000000000033       0x34 CMakeFiles/blinky.dir/mnt/c/Users/Joe/Documents/pico/pico-sdk/src/rp2_common/hardware_sync/sync.c.obj
 .comment       0x0000000000000033       0x34 CMakeFiles/blinky.dir/mnt/c/Users/Joe/Documents/pico/pico-sdk/src/rp2_common/hardware_sync_spin_lock/sync_spin_lock.c.obj
 .comment       0x0000000000000033       0x34 CMakeFiles/blinky.dir/mnt/c/Users/Joe/Documents/pico/pico-sdk/src/rp2_common/hardware_irq/irq.c.obj
 .comment       0x0000000000000033       0x34 CMakeFiles/blinky.dir/mnt/c/Users/Joe/Documents/pico/pico-sdk/src/common/pico_sync/lock_core.c.obj
 .comment       0x0000000000000033       0x34 CMakeFiles/blinky.dir/mnt/c/Users/Joe/Documents/pico/pico-sdk/src/common/pico_sync/mutex.c.obj
 .comment       0x0000000000000033       0x34 CMakeFiles/blinky.dir/mnt/c/Users/Joe/Documents/pico/pico-sdk/src/common/pico_time/time.c.obj
 .comment       0x0000000000000033       0x34 CMakeFiles/blinky.dir/mnt/c/Users/Joe/Documents/pico/pico-sdk/src/rp2_common/hardware_timer/timer.c.obj
 .comment       0x0000000000000033       0x34 CMakeFiles/blinky.dir/mnt/c/Users/Joe/Documents/pico/pico-sdk/src/rp2_common/hardware_clocks/clocks.c.obj
 .comment       0x0000000000000033       0x34 CMakeFiles/blinky.dir/mnt/c/Users/Joe/Documents/pico/pico-sdk/src/rp2_common/hardware_pll/pll.c.obj
 .comment       0x0000000000000033       0x34 CMakeFiles/blinky.dir/mnt/c/Users/Joe/Documents/pico/pico-sdk/src/rp2_common/hardware_ticks/ticks.c.obj
 .comment       0x0000000000000033       0x34 CMakeFiles/blinky.dir/mnt/c/Users/Joe/Documents/pico/pico-sdk/src/rp2_common/hardware_xosc/xosc.c.obj
 .comment       0x0000000000000033       0x34 CMakeFiles/blinky.dir/mnt/c/Users/Joe/Documents/pico/pico-sdk/src/rp2_common/pico_runtime/runtime.c.obj
 .comment       0x0000000000000033       0x34 CMakeFiles/blinky.dir/mnt/c/Users/Joe/Documents/pico/pico-sdk/src/rp2_common/pico_runtime_init/runtime_init.c.obj
 .comment       0x0000000000000033       0x34 CMakeFiles/blinky.dir/mnt/c/Users/Joe/Documents/pico/pico-sdk/src/rp2_common/pico_runtime_init/runtime_init_clocks.c.obj
 .comment       0x0000000000000033       0x34 CMakeFiles/blinky.dir/mnt/c/Users/Joe/Documents/pico/pico-sdk/src/rp2_common/pico_bootrom/bootrom.c.obj
 .comment       0x0000000000000033       0x34 CMakeFiles/blinky.dir/mnt/c/Users/Joe/Documents/pico/pico-sdk/src/rp2_common/pico_double/double_init_rom_rp2040.c.obj
 .comment       0x0000000000000033       0x34 CMakeFiles/blinky.dir/mnt/c/Users/Joe/Documents/pico/pico-sdk/src/rp2_common/pico_float/float_init_rom_rp2040.c.obj
 .comment       0x0000000000000033       0x34 CMakeFiles/blinky.dir/mnt/c/Users/Joe/Documents/pico/pico-sdk/src/rp2_common/pico_standard_binary_info/standard_binary_info.c.obj
 .comment       0x0000000000000033       0x34 CMakeFiles/blinky.dir/mnt/c/Users/Joe/Documents/pico/pico-sdk/src/rp2_common/pico_printf/printf.c.obj
 .comment       0x0000000000000033       0x34 CMakeFiles/blinky.dir/mnt/c/Users/Joe/Documents/pico/pico-sdk/src/rp2_common/pico_clib_interface/newlib_interface.c.obj
 .comment       0x0000000000000033       0x34 CMakeFiles/blinky.dir/mnt/c/Users/Joe/Documents/pico/pico-sdk/src/rp2_common/pico_stdio/stdio.c.obj
 .comment       0x0000000000000033       0x34 /usr/lib/gcc/arm-none-eabi/10.3.1/../../../arm-none-eabi/lib/thumb/v6-m/nofp/libg.a(lib_a-strlen-stub.o)
 .comment       0x0000000000000033       0x34 /usr/lib/gcc/arm-none-eabi/10.3.1/thumb/v6-m/nofp/crtend.o

.debug_info     0x0000000000000000    0x1380e
 .debug_info    0x0000000000000000      0x62d CMakeFiles/blinky.dir/blinky.c.obj
 .debug_info    0x000000000000062d     0x1d26 CMakeFiles/blinky.dir/mnt/c/Users/Joe/Documents/pico/pico-sdk/src/rp2_common/hardware_gpio/gpio.c.obj
 .debug_info    0x0000000000002353      0x19c CMakeFiles/blinky.dir/mnt/c/Users/Joe/Documents/pico/pico-sdk/src/rp2_common/pico_platform_panic/panic.c.obj
 .debug_info    0x00000000000024ef      0x6ba CMakeFiles/blinky.dir/mnt/c/Users/Joe/Documents/pico/pico-sdk/src/common/hardware_claim/claim.c.obj
 .debug_info    0x0000000000002ba9      0x3f1 CMakeFiles/blinky.dir/mnt/c/Users/Joe/Documents/pico/pico-sdk/src/rp2_common/hardware_sync/sync.c.obj
 .debug_info    0x0000000000002f9a      0x2d2 CMakeFiles/blinky.dir/mnt/c/Users/Joe/Documents/pico/pico-sdk/src/rp2_common/hardware_sync_spin_lock/sync_spin_lock.c.obj
 .debug_info    0x000000000000326c     0x1fc2 CMakeFiles/blinky.dir/mnt/c/Users/Joe/Documents/pico/pico-sdk/src/rp2_common/hardware_irq/irq.c.obj
 .debug_info    0x000000000000522e      0x1a4 CMakeFiles/blinky.dir/mnt/c/Users/Joe/Documents/pico/pico-sdk/src/common/pico_sync/lock_core.c.obj
 .debug_info    0x00000000000053d2     0x1f37 CMakeFiles/blinky.dir/mnt/c/Users/Joe/Documents/pico/pico-sdk/src/common/pico_sync/mutex.c.obj
 .debug_info    0x0000000000007309     0x336f CMakeFiles/blinky.dir/mnt/c/Users/Joe/Documents/pico/pico-sdk/src/common/pico_time/time.c.obj
 .debug_info    0x000000000000a678     0x194a CMakeFiles/blinky.dir/mnt/c/Users/Joe/Documents/pico/pico-sdk/src/rp2_common/hardware_timer/timer.c.obj
 .debug_info    0x000000000000bfc2     0x14ca CMakeFiles/blinky.dir/mnt/c/Users/Joe/Documents/pico/pico-sdk/src/rp2_common/hardware_clocks/clocks.c.obj
 .debug_info    0x000000000000d48c      0x64b CMakeFiles/blinky.dir/mnt/c/Users/Joe/Documents/pico/pico-sdk/src/rp2_common/hardware_pll/pll.c.obj
 .debug_info    0x000000000000dad7      0x2ac CMakeFiles/blinky.dir/mnt/c/Users/Joe/Documents/pico/pico-sdk/src/rp2_common/hardware_ticks/ticks.c.obj
 .debug_info    0x000000000000dd83      0x1c9 CMakeFiles/blinky.dir/mnt/c/Users/Joe/Documents/pico/pico-sdk/src/rp2_common/hardware_xosc/xosc.c.obj
 .debug_info    0x000000000000df4c      0x1a6 CMakeFiles/blinky.dir/mnt/c/Users/Joe/Documents/pico/pico-sdk/src/rp2_common/pico_runtime/runtime.c.obj
 .debug_info    0x000000000000e0f2      0x7cc CMakeFiles/blinky.dir/mnt/c/Users/Joe/Documents/pico/pico-sdk/src/rp2_common/pico_runtime_init/runtime_init.c.obj
 .debug_info    0x000000000000e8be      0x6e5 CMakeFiles/blinky.dir/mnt/c/Users/Joe/Documents/pico/pico-sdk/src/rp2_common/pico_runtime_init/runtime_init_clocks.c.obj
 .debug_info    0x000000000000efa3       0x22 CMakeFiles/blinky.dir/mnt/c/Users/Joe/Documents/pico/pico-sdk/src/rp2_common/pico_bit_ops/bit_ops_aeabi.S.obj
 .debug_info    0x000000000000efc5      0x301 CMakeFiles/blinky.dir/mnt/c/Users/Joe/Documents/pico/pico-sdk/src/rp2_common/pico_bootrom/bootrom.c.obj
 .debug_info    0x000000000000f2c6       0x22 CMakeFiles/blinky.dir/mnt/c/Users/Joe/Documents/pico/pico-sdk/src/rp2_common/pico_divider/divider_hardware.S.obj
 .debug_info    0x000000000000f2e8       0x22 CMakeFiles/blinky.dir/mnt/c/Users/Joe/Documents/pico/pico-sdk/src/rp2_common/pico_double/double_aeabi_rp2040.S.obj
 .debug_info    0x000000000000f30a      0x2b3 CMakeFiles/blinky.dir/mnt/c/Users/Joe/Documents/pico/pico-sdk/src/rp2_common/pico_double/double_init_rom_rp2040.c.obj
 .debug_info    0x000000000000f5bd       0x22 CMakeFiles/blinky.dir/mnt/c/Users/Joe/Documents/pico/pico-sdk/src/rp2_common/pico_double/double_v1_rom_shim_rp2040.S.obj
 .debug_info    0x000000000000f5df       0x26 CMakeFiles/blinky.dir/mnt/c/Users/Joe/Documents/pico/pico-sdk/src/rp2_common/pico_int64_ops/pico_int64_ops_aeabi.S.obj
 .debug_info    0x000000000000f605       0x22 CMakeFiles/blinky.dir/mnt/c/Users/Joe/Documents/pico/pico-sdk/src/rp2_common/pico_float/float_aeabi_rp2040.S.obj
 .debug_info    0x000000000000f627      0x2b9 CMakeFiles/blinky.dir/mnt/c/Users/Joe/Documents/pico/pico-sdk/src/rp2_common/pico_float/float_init_rom_rp2040.c.obj
 .debug_info    0x000000000000f8e0       0x22 CMakeFiles/blinky.dir/mnt/c/Users/Joe/Documents/pico/pico-sdk/src/rp2_common/pico_float/float_v1_rom_shim_rp2040.S.obj
 .debug_info    0x000000000000f902       0x22 CMakeFiles/blinky.dir/mnt/c/Users/Joe/Documents/pico/pico-sdk/src/rp2_common/pico_mem_ops/mem_ops_aeabi.S.obj
 .debug_info    0x000000000000f924      0x29a CMakeFiles/blinky.dir/mnt/c/Users/Joe/Documents/pico/pico-sdk/src/rp2_common/pico_standard_binary_info/standard_binary_info.c.obj
 .debug_info    0x000000000000fbbe     0x1a46 CMakeFiles/blinky.dir/mnt/c/Users/Joe/Documents/pico/pico-sdk/src/rp2_common/pico_printf/printf.c.obj
 .debug_info    0x0000000000011604       0x22 CMakeFiles/blinky.dir/mnt/c/Users/Joe/Documents/pico/pico-sdk/src/rp2_common/pico_crt0/crt0.S.obj
 .debug_info    0x0000000000011626      0xbb4 CMakeFiles/blinky.dir/mnt/c/Users/Joe/Documents/pico/pico-sdk/src/rp2_common/pico_clib_interface/newlib_interface.c.obj
 .debug_info    0x00000000000121da     0x1520 CMakeFiles/blinky.dir/mnt/c/Users/Joe/Documents/pico/pico-sdk/src/rp2_common/pico_stdio/stdio.c.obj
 .debug_info    0x00000000000136fa       0x26 /usr/lib/gcc/arm-none-eabi/10.3.1/thumb/v6-m/nofp/libgcc.a(_dvmd_tls.o)
 .debug_info    0x0000000000013720       0xee /usr/lib/gcc/arm-none-eabi/10.3.1/../../../arm-none-eabi/lib/thumb/v6-m/nofp/libg.a(lib_a-strlen-stub.o)

.debug_abbrev   0x0000000000000000     0x418c
 .debug_abbrev  0x0000000000000000      0x1c6 CMakeFiles/blinky.dir/blinky.c.obj
 .debug_abbrev  0x00000000000001c6      0x402 CMakeFiles/blinky.dir/mnt/c/Users/Joe/Documents/pico/pico-sdk/src/rp2_common/hardware_gpio/gpio.c.obj
 .debug_abbrev  0x00000000000005c8       0xf4 CMakeFiles/blinky.dir/mnt/c/Users/Joe/Documents/pico/pico-sdk/src/rp2_common/pico_platform_panic/panic.c.obj
 .debug_abbrev  0x00000000000006bc      0x2d6 CMakeFiles/blinky.dir/mnt/c/Users/Joe/Documents/pico/pico-sdk/src/common/hardware_claim/claim.c.obj
 .debug_abbrev  0x0000000000000992      0x1df CMakeFiles/blinky.dir/mnt/c/Users/Joe/Documents/pico/pico-sdk/src/rp2_common/hardware_sync/sync.c.obj
 .debug_abbrev  0x0000000000000b71      0x1f0 CMakeFiles/blinky.dir/mnt/c/Users/Joe/Documents/pico/pico-sdk/src/rp2_common/hardware_sync_spin_lock/sync_spin_lock.c.obj
 .debug_abbrev  0x0000000000000d61      0x58e CMakeFiles/blinky.dir/mnt/c/Users/Joe/Documents/pico/pico-sdk/src/rp2_common/hardware_irq/irq.c.obj
 .debug_abbrev  0x00000000000012ef      0x116 CMakeFiles/blinky.dir/mnt/c/Users/Joe/Documents/pico/pico-sdk/src/common/pico_sync/lock_core.c.obj
 .debug_abbrev  0x0000000000001405      0x3b6 CMakeFiles/blinky.dir/mnt/c/Users/Joe/Documents/pico/pico-sdk/src/common/pico_sync/mutex.c.obj
 .debug_abbrev  0x00000000000017bb      0x5b8 CMakeFiles/blinky.dir/mnt/c/Users/Joe/Documents/pico/pico-sdk/src/common/pico_time/time.c.obj
 .debug_abbrev  0x0000000000001d73      0x473 CMakeFiles/blinky.dir/mnt/c/Users/Joe/Documents/pico/pico-sdk/src/rp2_common/hardware_timer/timer.c.obj
 .debug_abbrev  0x00000000000021e6      0x3e8 CMakeFiles/blinky.dir/mnt/c/Users/Joe/Documents/pico/pico-sdk/src/rp2_common/hardware_clocks/clocks.c.obj
 .debug_abbrev  0x00000000000025ce      0x21a CMakeFiles/blinky.dir/mnt/c/Users/Joe/Documents/pico/pico-sdk/src/rp2_common/hardware_pll/pll.c.obj
 .debug_abbrev  0x00000000000027e8      0x14e CMakeFiles/blinky.dir/mnt/c/Users/Joe/Documents/pico/pico-sdk/src/rp2_common/hardware_ticks/ticks.c.obj
 .debug_abbrev  0x0000000000002936      0x11a CMakeFiles/blinky.dir/mnt/c/Users/Joe/Documents/pico/pico-sdk/src/rp2_common/hardware_xosc/xosc.c.obj
 .debug_abbrev  0x0000000000002a50      0x11c CMakeFiles/blinky.dir/mnt/c/Users/Joe/Documents/pico/pico-sdk/src/rp2_common/pico_runtime/runtime.c.obj
 .debug_abbrev  0x0000000000002b6c      0x20c CMakeFiles/blinky.dir/mnt/c/Users/Joe/Documents/pico/pico-sdk/src/rp2_common/pico_runtime_init/runtime_init.c.obj
 .debug_abbrev  0x0000000000002d78      0x266 CMakeFiles/blinky.dir/mnt/c/Users/Joe/Documents/pico/pico-sdk/src/rp2_common/pico_runtime_init/runtime_init_clocks.c.obj
 .debug_abbrev  0x0000000000002fde       0x12 CMakeFiles/blinky.dir/mnt/c/Users/Joe/Documents/pico/pico-sdk/src/rp2_common/pico_bit_ops/bit_ops_aeabi.S.obj
 .debug_abbrev  0x0000000000002ff0      0x177 CMakeFiles/blinky.dir/mnt/c/Users/Joe/Documents/pico/pico-sdk/src/rp2_common/pico_bootrom/bootrom.c.obj
 .debug_abbrev  0x0000000000003167       0x12 CMakeFiles/blinky.dir/mnt/c/Users/Joe/Documents/pico/pico-sdk/src/rp2_common/pico_divider/divider_hardware.S.obj
 .debug_abbrev  0x0000000000003179       0x12 CMakeFiles/blinky.dir/mnt/c/Users/Joe/Documents/pico/pico-sdk/src/rp2_common/pico_double/double_aeabi_rp2040.S.obj
 .debug_abbrev  0x000000000000318b      0x166 CMakeFiles/blinky.dir/mnt/c/Users/Joe/Documents/pico/pico-sdk/src/rp2_common/pico_double/double_init_rom_rp2040.c.obj
 .debug_abbrev  0x00000000000032f1       0x12 CMakeFiles/blinky.dir/mnt/c/Users/Joe/Documents/pico/pico-sdk/src/rp2_common/pico_double/double_v1_rom_shim_rp2040.S.obj
 .debug_abbrev  0x0000000000003303       0x14 CMakeFiles/blinky.dir/mnt/c/Users/Joe/Documents/pico/pico-sdk/src/rp2_common/pico_int64_ops/pico_int64_ops_aeabi.S.obj
 .debug_abbrev  0x0000000000003317       0x12 CMakeFiles/blinky.dir/mnt/c/Users/Joe/Documents/pico/pico-sdk/src/rp2_common/pico_float/float_aeabi_rp2040.S.obj
 .debug_abbrev  0x0000000000003329      0x179 CMakeFiles/blinky.dir/mnt/c/Users/Joe/Documents/pico/pico-sdk/src/rp2_common/pico_float/float_init_rom_rp2040.c.obj
 .debug_abbrev  0x00000000000034a2       0x12 CMakeFiles/blinky.dir/mnt/c/Users/Joe/Documents/pico/pico-sdk/src/rp2_common/pico_float/float_v1_rom_shim_rp2040.S.obj
 .debug_abbrev  0x00000000000034b4       0x12 CMakeFiles/blinky.dir/mnt/c/Users/Joe/Documents/pico/pico-sdk/src/rp2_common/pico_mem_ops/mem_ops_aeabi.S.obj
 .debug_abbrev  0x00000000000034c6       0xad CMakeFiles/blinky.dir/mnt/c/Users/Joe/Documents/pico/pico-sdk/src/rp2_common/pico_standard_binary_info/standard_binary_info.c.obj
 .debug_abbrev  0x0000000000003573      0x3a2 CMakeFiles/blinky.dir/mnt/c/Users/Joe/Documents/pico/pico-sdk/src/rp2_common/pico_printf/printf.c.obj
 .debug_abbrev  0x0000000000003915       0x12 CMakeFiles/blinky.dir/mnt/c/Users/Joe/Documents/pico/pico-sdk/src/rp2_common/pico_crt0/crt0.S.obj
 .debug_abbrev  0x0000000000003927      0x33c CMakeFiles/blinky.dir/mnt/c/Users/Joe/Documents/pico/pico-sdk/src/rp2_common/pico_clib_interface/newlib_interface.c.obj
 .debug_abbrev  0x0000000000003c63      0x486 CMakeFiles/blinky.dir/mnt/c/Users/Joe/Documents/pico/pico-sdk/src/rp2_common/pico_stdio/stdio.c.obj
 .debug_abbrev  0x00000000000040e9       0x14 /usr/lib/gcc/arm-none-eabi/10.3.1/thumb/v6-m/nofp/libgcc.a(_dvmd_tls.o)
 .debug_abbrev  0x00000000000040fd       0x8f /usr/lib/gcc/arm-none-eabi/10.3.1/../../../arm-none-eabi/lib/thumb/v6-m/nofp/libg.a(lib_a-strlen-stub.o)

.debug_loc      0x0000000000000000     0xc4a1
 .debug_loc     0x0000000000000000      0x146 CMakeFiles/blinky.dir/blinky.c.obj
 .debug_loc     0x0000000000000146     0x15b8 CMakeFiles/blinky.dir/mnt/c/Users/Joe/Documents/pico/pico-sdk/src/rp2_common/hardware_gpio/gpio.c.obj
 .debug_loc     0x00000000000016fe      0x45f CMakeFiles/blinky.dir/mnt/c/Users/Joe/Documents/pico/pico-sdk/src/common/hardware_claim/claim.c.obj
 .debug_loc     0x0000000000001b5d      0x13f CMakeFiles/blinky.dir/mnt/c/Users/Joe/Documents/pico/pico-sdk/src/rp2_common/hardware_sync/sync.c.obj
 .debug_loc     0x0000000000001c9c       0xf4 CMakeFiles/blinky.dir/mnt/c/Users/Joe/Documents/pico/pico-sdk/src/rp2_common/hardware_sync_spin_lock/sync_spin_lock.c.obj
 .debug_loc     0x0000000000001d90     0x1441 CMakeFiles/blinky.dir/mnt/c/Users/Joe/Documents/pico/pico-sdk/src/rp2_common/hardware_irq/irq.c.obj
 .debug_loc     0x00000000000031d1       0x60 CMakeFiles/blinky.dir/mnt/c/Users/Joe/Documents/pico/pico-sdk/src/common/pico_sync/lock_core.c.obj
 .debug_loc     0x0000000000003231     0x1418 CMakeFiles/blinky.dir/mnt/c/Users/Joe/Documents/pico/pico-sdk/src/common/pico_sync/mutex.c.obj
 .debug_loc     0x0000000000004649     0x244f CMakeFiles/blinky.dir/mnt/c/Users/Joe/Documents/pico/pico-sdk/src/common/pico_time/time.c.obj
 .debug_loc     0x0000000000006a98      0xf46 CMakeFiles/blinky.dir/mnt/c/Users/Joe/Documents/pico/pico-sdk/src/rp2_common/hardware_timer/timer.c.obj
 .debug_loc     0x00000000000079de      0xe30 CMakeFiles/blinky.dir/mnt/c/Users/Joe/Documents/pico/pico-sdk/src/rp2_common/hardware_clocks/clocks.c.obj
 .debug_loc     0x000000000000880e      0x351 CMakeFiles/blinky.dir/mnt/c/Users/Joe/Documents/pico/pico-sdk/src/rp2_common/hardware_pll/pll.c.obj
 .debug_loc     0x0000000000008b5f       0x57 CMakeFiles/blinky.dir/mnt/c/Users/Joe/Documents/pico/pico-sdk/src/rp2_common/hardware_ticks/ticks.c.obj
 .debug_loc     0x0000000000008bb6       0x71 CMakeFiles/blinky.dir/mnt/c/Users/Joe/Documents/pico/pico-sdk/src/rp2_common/hardware_xosc/xosc.c.obj
 .debug_loc     0x0000000000008c27       0x78 CMakeFiles/blinky.dir/mnt/c/Users/Joe/Documents/pico/pico-sdk/src/rp2_common/pico_runtime/runtime.c.obj
 .debug_loc     0x0000000000008c9f      0x11c CMakeFiles/blinky.dir/mnt/c/Users/Joe/Documents/pico/pico-sdk/src/rp2_common/pico_runtime_init/runtime_init.c.obj
 .debug_loc     0x0000000000008dbb       0xbf CMakeFiles/blinky.dir/mnt/c/Users/Joe/Documents/pico/pico-sdk/src/rp2_common/pico_runtime_init/runtime_init_clocks.c.obj
 .debug_loc     0x0000000000008e7a      0x207 CMakeFiles/blinky.dir/mnt/c/Users/Joe/Documents/pico/pico-sdk/src/rp2_common/pico_bootrom/bootrom.c.obj
 .debug_loc     0x0000000000009081       0x8c CMakeFiles/blinky.dir/mnt/c/Users/Joe/Documents/pico/pico-sdk/src/rp2_common/pico_double/double_init_rom_rp2040.c.obj
 .debug_loc     0x000000000000910d       0x73 CMakeFiles/blinky.dir/mnt/c/Users/Joe/Documents/pico/pico-sdk/src/rp2_common/pico_float/float_init_rom_rp2040.c.obj
 .debug_loc     0x0000000000009180     0x2095 CMakeFiles/blinky.dir/mnt/c/Users/Joe/Documents/pico/pico-sdk/src/rp2_common/pico_printf/printf.c.obj
 .debug_loc     0x000000000000b215      0x5cf CMakeFiles/blinky.dir/mnt/c/Users/Joe/Documents/pico/pico-sdk/src/rp2_common/pico_clib_interface/newlib_interface.c.obj
 .debug_loc     0x000000000000b7e4      0xc2d CMakeFiles/blinky.dir/mnt/c/Users/Joe/Documents/pico/pico-sdk/src/rp2_common/pico_stdio/stdio.c.obj
 .debug_loc     0x000000000000c411       0x90 /usr/lib/gcc/arm-none-eabi/10.3.1/../../../arm-none-eabi/lib/thumb/v6-m/nofp/libg.a(lib_a-strlen-stub.o)

.debug_aranges  0x0000000000000000      0xee8
 .debug_aranges
                0x0000000000000000       0x20 CMakeFiles/blinky.dir/blinky.c.obj
 .debug_aranges
                0x0000000000000020      0x128 CMakeFiles/blinky.dir/mnt/c/Users/Joe/Documents/pico/pico-sdk/src/rp2_common/hardware_gpio/gpio.c.obj
 .debug_aranges
                0x0000000000000148       0x28 CMakeFiles/blinky.dir/mnt/c/Users/Joe/Documents/pico/pico-sdk/src/rp2_common/pico_platform_panic/panic.c.obj
 .debug_aranges
                0x0000000000000170       0x48 CMakeFiles/blinky.dir/mnt/c/Users/Joe/Documents/pico/pico-sdk/src/common/hardware_claim/claim.c.obj
 .debug_aranges
                0x00000000000001b8       0x48 CMakeFiles/blinky.dir/mnt/c/Users/Joe/Documents/pico/pico-sdk/src/rp2_common/hardware_sync/sync.c.obj
 .debug_aranges
                0x0000000000000200       0x28 CMakeFiles/blinky.dir/mnt/c/Users/Joe/Documents/pico/pico-sdk/src/rp2_common/hardware_sync_spin_lock/sync_spin_lock.c.obj
 .debug_aranges
                0x0000000000000228       0xd8 CMakeFiles/blinky.dir/mnt/c/Users/Joe/Documents/pico/pico-sdk/src/rp2_common/hardware_irq/irq.c.obj
 .debug_aranges
                0x0000000000000300       0x20 CMakeFiles/blinky.dir/mnt/c/Users/Joe/Documents/pico/pico-sdk/src/common/pico_sync/lock_core.c.obj
 .debug_aranges
                0x0000000000000320       0x98 CMakeFiles/blinky.dir/mnt/c/Users/Joe/Documents/pico/pico-sdk/src/common/pico_sync/mutex.c.obj
 .debug_aranges
                0x00000000000003b8       0xf0 CMakeFiles/blinky.dir/mnt/c/Users/Joe/Documents/pico/pico-sdk/src/common/pico_time/time.c.obj
 .debug_aranges
                0x00000000000004a8       0xf0 CMakeFiles/blinky.dir/mnt/c/Users/Joe/Documents/pico/pico-sdk/src/rp2_common/hardware_timer/timer.c.obj
 .debug_aranges